Archive member included to satisfy reference by file (symbol)

C:\Users\Benchoff\AppData\Local\Temp\arduino\sketches\15697E12E11EB15793E3F583D9D2F6DD/core\core.a(SERCOM.cpp.o)
                              C:\Users\Benchoff\AppData\Local\Temp\arduino\sketches\15697E12E11EB15793E3F583D9D2F6DD\core\variant.cpp.o (SERCOM::SERCOM(Sercom*))
C:\Users\Benchoff\AppData\Local\Temp\arduino\sketches\15697E12E11EB15793E3F583D9D2F6DD/core\core.a(Uart.cpp.o)
                              C:\Users\Benchoff\AppData\Local\Temp\arduino\sketches\15697E12E11EB15793E3F583D9D2F6DD\core\variant.cpp.o (Uart::Uart(SERCOM*, unsigned char, unsigned char, SercomRXPad, SercomUartTXPad))
C:\Users\Benchoff\AppData\Local\Temp\arduino\sketches\15697E12E11EB15793E3F583D9D2F6DD/core\core.a(cortex_handlers.c.o)
                              (Reset_Handler)
C:\Users\Benchoff\AppData\Local\Temp\arduino\sketches\15697E12E11EB15793E3F583D9D2F6DD/core\core.a(delay.c.o)
                              C:\Users\Benchoff\AppData\Local\Temp\arduino\sketches\15697E12E11EB15793E3F583D9D2F6DD\sketch\ShifterKnob.ino.cpp.o (delay)
C:\Users\Benchoff\AppData\Local\Temp\arduino\sketches\15697E12E11EB15793E3F583D9D2F6DD/core\core.a(hooks.c.o)
                              C:\Users\Benchoff\AppData\Local\Temp\arduino\sketches\15697E12E11EB15793E3F583D9D2F6DD/core\core.a(delay.c.o) (yield)
C:\Users\Benchoff\AppData\Local\Temp\arduino\sketches\15697E12E11EB15793E3F583D9D2F6DD/core\core.a(main.cpp.o)
                              c:/users/benchoff/appdata/local/arduino15/packages/adafruit/tools/arm-none-eabi-gcc/9-2019q4/bin/../lib/gcc/arm-none-eabi/9.2.1/../../../../arm-none-eabi/lib/thumb/v7e-m+fp/hard/crt0.o (main)
C:\Users\Benchoff\AppData\Local\Temp\arduino\sketches\15697E12E11EB15793E3F583D9D2F6DD/core\core.a(startup.c.o)
                              C:\Users\Benchoff\AppData\Local\Temp\arduino\sketches\15697E12E11EB15793E3F583D9D2F6DD/core\core.a(cortex_handlers.c.o) (SystemInit)
C:\Users\Benchoff\AppData\Local\Temp\arduino\sketches\15697E12E11EB15793E3F583D9D2F6DD/core\core.a(wiring.c.o)
                              C:\Users\Benchoff\AppData\Local\Temp\arduino\sketches\15697E12E11EB15793E3F583D9D2F6DD/core\core.a(main.cpp.o) (init)
C:\Users\Benchoff\AppData\Local\Temp\arduino\sketches\15697E12E11EB15793E3F583D9D2F6DD/core\core.a(wiring_analog.c.o)
                              C:\Users\Benchoff\AppData\Local\Temp\arduino\sketches\15697E12E11EB15793E3F583D9D2F6DD/core\core.a(wiring.c.o) (analogReference)
C:\Users\Benchoff\AppData\Local\Temp\arduino\sketches\15697E12E11EB15793E3F583D9D2F6DD/core\core.a(wiring_digital.c.o)
                              C:\Users\Benchoff\AppData\Local\Temp\arduino\sketches\15697E12E11EB15793E3F583D9D2F6DD\sketch\ShifterKnob.ino.cpp.o (pinMode)
C:\Users\Benchoff\AppData\Local\Temp\arduino\sketches\15697E12E11EB15793E3F583D9D2F6DD/core\core.a(wiring_private.c.o)
                              C:\Users\Benchoff\AppData\Local\Temp\arduino\sketches\15697E12E11EB15793E3F583D9D2F6DD/core\core.a(Uart.cpp.o) (pinPeripheral)
C:\Users\Benchoff\AppData\Local\Temp\arduino\sketches\15697E12E11EB15793E3F583D9D2F6DD/core\core.a(wiring_shift.c.o)
                              C:\Users\Benchoff\AppData\Local\Temp\arduino\sketches\15697E12E11EB15793E3F583D9D2F6DD\sketch\ShifterKnob.ino.cpp.o (shiftOut)
C:\Users\Benchoff\AppData\Local\Temp\arduino\sketches\15697E12E11EB15793E3F583D9D2F6DD/core\core.a(Print.cpp.o)
                              C:\Users\Benchoff\AppData\Local\Temp\arduino\sketches\15697E12E11EB15793E3F583D9D2F6DD/core\core.a(Uart.cpp.o) (Print::write(unsigned char const*, unsigned int))
C:\Users\Benchoff\AppData\Local\Temp\arduino\sketches\15697E12E11EB15793E3F583D9D2F6DD/core\core.a(Reset.cpp.o)
                              C:\Users\Benchoff\AppData\Local\Temp\arduino\sketches\15697E12E11EB15793E3F583D9D2F6DD/core\core.a(delay.c.o) (tickReset)
C:\Users\Benchoff\AppData\Local\Temp\arduino\sketches\15697E12E11EB15793E3F583D9D2F6DD/core\core.a(USBCore.cpp.o)
                              C:\Users\Benchoff\AppData\Local\Temp\arduino\sketches\15697E12E11EB15793E3F583D9D2F6DD/core\core.a(main.cpp.o) (USBDeviceClass::init())
C:\Users\Benchoff\AppData\Local\Temp\arduino\sketches\15697E12E11EB15793E3F583D9D2F6DD/core\core.a(abi.cpp.o)
                              C:\Users\Benchoff\AppData\Local\Temp\arduino\sketches\15697E12E11EB15793E3F583D9D2F6DD/core\core.a(Print.cpp.o) (__cxa_pure_virtual)
C:\Users\Benchoff\AppData\Local\Temp\arduino\sketches\15697E12E11EB15793E3F583D9D2F6DD/core\core.a(new.cpp.o)
                              C:\Users\Benchoff\AppData\Local\Temp\arduino\sketches\15697E12E11EB15793E3F583D9D2F6DD/core\core.a(USBCore.cpp.o) (operator new(unsigned int))
C:\Users\Benchoff\AppData\Local\Temp\arduino\sketches\15697E12E11EB15793E3F583D9D2F6DD/core\core.a(CDC.cpp.o)
[...]
Memory Configuration

Name             Origin             Length             Attributes
FLASH            0x00004000         0x0007c000         xr
RAM              0x20000000         0x00030000         xrw
*default*        0x00000000         0xffffffff

Linker script and memory map

LOAD c:/users/benchoff/appdata/local/arduino15/packages/adafruit/tools/arm-none-eabi-gcc/9-2019q4/bin/../lib/gcc/arm-none-eabi/9.2.1/thumb/v7e-m+fp/hard/crti.o
LOAD c:/users/benchoff/appdata/local/arduino15/packages/adafruit/tools/arm-none-eabi-gcc/9-2019q4/bin/../lib/gcc/arm-none-eabi/9.2.1/thumb/v7e-m+fp/hard/crtbegin.o
LOAD c:/users/benchoff/appdata/local/arduino15/packages/adafruit/tools/arm-none-eabi-gcc/9-2019q4/bin/../lib/gcc/arm-none-eabi/9.2.1/../../../../arm-none-eabi/lib/thumb/v7e-m+fp/hard/crt0.o
LOAD C:\Users\Benchoff\AppData\Local\Temp\arduino\sketches\15697E12E11EB15793E3F583D9D2F6DD\sketch\ShifterKnob.ino.cpp.o
LOAD C:\Users\Benchoff\AppData\Local\Temp\arduino\sketches\15697E12E11EB15793E3F583D9D2F6DD\core\variant.cpp.o
START GROUP
LOAD C:\Users\Benchoff\AppData\Local\Arduino15\packages\adafruit\tools\CMSIS\5.4.0/CMSIS/Lib/GCC/\libarm_cortexM4lf_math.a
LOAD C:\Users\Benchoff\AppData\Local\Temp\arduino\sketches\15697E12E11EB15793E3F583D9D2F6DD/core\core.a
END GROUP
LOAD c:/users/benchoff/appdata/local/arduino15/packages/adafruit/tools/arm-none-eabi-gcc/9-2019q4/bin/../lib/gcc/arm-none-eabi/9.2.1/../../../../arm-none-eabi/lib/thumb/v7e-m+fp/hard\libstdc++_nano.a
LOAD c:/users/benchoff/appdata/local/arduino15/packages/adafruit/tools/arm-none-eabi-gcc/9-2019q4/bin/../lib/gcc/arm-none-eabi/9.2.1/../../../../arm-none-eabi/lib/thumb/v7e-m+fp/hard\libm.a
START GROUP
LOAD c:/users/benchoff/appdata/local/arduino15/packages/adafruit/tools/arm-none-eabi-gcc/9-2019q4/bin/../lib/gcc/arm-none-eabi/9.2.1/thumb/v7e-m+fp/hard\libgcc.a
LOAD c:/users/benchoff/appdata/local/arduino15/packages/adafruit/tools/arm-none-eabi-gcc/9-2019q4/bin/../lib/gcc/arm-none-eabi/9.2.1/../../../../arm-none-eabi/lib/thumb/v7e-m+fp/hard\libc_nano.a
END GROUP
START GROUP
LOAD c:/users/benchoff/appdata/local/arduino15/packages/adafruit/tools/arm-none-eabi-gcc/9-2019q4/bin/../lib/gcc/arm-none-eabi/9.2.1/thumb/v7e-m+fp/hard\libgcc.a
LOAD c:/users/benchoff/appdata/local/arduino15/packages/adafruit/tools/arm-none-eabi-gcc/9-2019q4/bin/../lib/gcc/arm-none-eabi/9.2.1/../../../../arm-none-eabi/lib/thumb/v7e-m+fp/hard\libc_nano.a
LOAD c:/users/benchoff/appdata/local/arduino15/packages/adafruit/tools/arm-none-eabi-gcc/9-2019q4/bin/../lib/gcc/arm-none-eabi/9.2.1/../../../../arm-none-eabi/lib/thumb/v7e-m+fp/hard\libnosys.a
END GROUP
START GROUP
LOAD c:/users/benchoff/appdata/local/arduino15/packages/adafruit/tools/arm-none-eabi-gcc/9-2019q4/bin/../lib/gcc/arm-none-eabi/9.2.1/thumb/v7e-m+fp/hard\libgcc.a
LOAD c:/users/benchoff/appdata/local/arduino15/packages/adafruit/tools/arm-none-eabi-gcc/9-2019q4/bin/../lib/gcc/arm-none-eabi/9.2.1/../../../../arm-none-eabi/lib/thumb/v7e-m+fp/hard\libc_nano.a
LOAD c:/users/benchoff/appdata/local/arduino15/packages/adafruit/tools/arm-none-eabi-gcc/9-2019q4/bin/../lib/gcc/arm-none-eabi/9.2.1/../../../../arm-none-eabi/lib/thumb/v7e-m+fp/hard\libnosys.a
END GROUP
LOAD c:/users/benchoff/appdata/local/arduino15/packages/adafruit/tools/arm-none-eabi-gcc/9-2019q4/bin/../lib/gcc/arm-none-eabi/9.2.1/thumb/v7e-m+fp/hard/crtend.o
LOAD c:/users/benchoff/appdata/local/arduino15/packages/adafruit/tools/arm-none-eabi-gcc/9-2019q4/bin/../lib/gcc/arm-none-eabi/9.2.1/thumb/v7e-m+fp/hard/crtn.o

.text           0x00004000     0x37d0
                0x00004000                __text_start__ = .
 *(.sketch_boot)
                0x00004000                . = ALIGN (0x4000)
 *(.isr_vector)
 .isr_vector    0x00004000      0x264 C:\Users\Benchoff\AppData\Local\Temp\arduino\sketches\15697E12E11EB15793E3F583D9D2F6DD/core\core.a(cortex_handlers.c.o)
                0x00004000                exception_table
 *(.text*)
 .text          0x00004264       0x40 c:/users/benchoff/appdata/local/arduino15/packages/adafruit/tools/arm-none-eabi-gcc/9-2019q4/bin/../lib/gcc/arm-none-eabi/9.2.1/thumb/v7e-m+fp/hard/crtbegin.o
 .text.setup    0x000042a4       0x20 C:\Users\Benchoff\AppData\Local\Temp\arduino\sketches\15697E12E11EB15793E3F583D9D2F6DD\sketch\ShifterKnob.ino.cpp.o
                0x000042a4                setup
 .text.loop     0x000042c4       0x50 C:\Users\Benchoff\AppData\Local\Temp\arduino\sketches\15697E12E11EB15793E3F583D9D2F6DD\sketch\ShifterKnob.ino.cpp.o
                0x000042c4                loop
 .text.SERCOM5_0_Handler
                0x00004314        0xc C:\Users\Benchoff\AppData\Local\Temp\arduino\sketches\15697E12E11EB15793E3F583D9D2F6DD\core\variant.cpp.o
                0x00004314                SERCOM5_0_Handler
 .text.SERCOM5_1_Handler
                0x00004320        0xc C:\Users\Benchoff\AppData\Local\Temp\arduino\sketches\15697E12E11EB15793E3F583D9D2F6DD\core\variant.cpp.o
                0x00004320                SERCOM5_1_Handler
 .text.SERCOM5_2_Handler
                0x0000432c        0xc C:\Users\Benchoff\AppData\Local\Temp\arduino\sketches\15697E12E11EB15793E3F583D9D2F6DD\core\variant.cpp.o
                0x0000432c                SERCOM5_2_Handler
 .text.SERCOM5_3_Handler
                0x00004338        0xc C:\Users\Benchoff\AppData\Local\Temp\arduino\sketches\15697E12E11EB15793E3F583D9D2F6DD\core\variant.cpp.o
                0x00004338                SERCOM5_3_Handler
 .text._Z11initVariantv
                0x00004344       0x18 C:\Users\Benchoff\AppData\Local\Temp\arduino\sketches\15697E12E11EB15793E3F583D9D2F6DD\core\variant.cpp.o
                0x00004344                initVariant()
 .text.startup._GLOBAL__sub_I_g_APinDescription
                0x0000435c       0x7c C:\Users\Benchoff\AppData\Local\Temp\arduino\sketches\15697E12E11EB15793E3F583D9D2F6DD\core\variant.cpp.o
 .text._ZN6SERCOMC2EP6Sercom
                0x000043d8        0x8 C:\Users\Benchoff\AppData\Local\Temp\arduino\sketches\15697E12E11EB15793E3F583D9D2F6DD/core\core.a(SERCOM.cpp.o)
                0x000043d8                SERCOM::SERCOM(Sercom*)
                0x000043d8                SERCOM::SERCOM(Sercom*)
 .text._ZN6SERCOM9initFrameE18SercomUartCharSize15SercomDataOrder16SercomParityMode19SercomNumberStopBit
                0x000043e0       0x3c C:\Users\Benchoff\AppData\Local\Temp\arduino\sketches\15697E12E11EB15793E3F583D9D2F6DD/core\core.a(SERCOM.cpp.o)
                0x000043e0                SERCOM::initFrame(SercomUartCharSize, SercomDataOrder, SercomParityMode, SercomNumberStopBit)
 .text._ZN6SERCOM8initPadsE15SercomUartTXPad11SercomRXPad
                0x0000441c       0x28 C:\Users\Benchoff\AppData\Local\Temp\arduino\sketches\15697E12E11EB15793E3F583D9D2F6DD/core\core.a(SERCOM.cpp.o)
                0x0000441c                SERCOM::initPads(SercomUartTXPad, SercomRXPad)
 .text._ZN6SERCOM9resetUARTEv
                0x00004444       0x1c C:\Users\Benchoff\AppData\Local\Temp\arduino\sketches\15697E12E11EB15793E3F583D9D2F6DD/core\core.a(SERCOM.cpp.o)
                0x00004444                SERCOM::resetUART()
 .text._ZN6SERCOM10enableUARTEv
                0x00004460       0x14 C:\Users\Benchoff\AppData\Local\Temp\arduino\sketches\15697E12E11EB15793E3F583D9D2F6DD/core\core.a(SERCOM.cpp.o)
                0x00004460                SERCOM::enableUART()
 .text._ZN6SERCOM9flushUARTEv
                0x00004474       0x10 C:\Users\Benchoff\AppData\Local\Temp\arduino\sketches\15697E12E11EB15793E3F583D9D2F6DD/core\core.a(SERCOM.cpp.o)
                0x00004474                SERCOM::flushUART()
 .text._ZN6SERCOM15clearStatusUARTEv
                0x00004484        0x8 C:\Users\Benchoff\AppData\Local\Temp\arduino\sketches\15697E12E11EB15793E3F583D9D2F6DD/core\core.a(SERCOM.cpp.o)
                0x00004484                SERCOM::clearStatusUART()
 .text._ZN6SERCOM17availableDataUARTEv
                0x0000448c        0xc C:\Users\Benchoff\AppData\Local\Temp\arduino\sketches\15697E12E11EB15793E3F583D9D2F6DD/core\core.a(SERCOM.cpp.o)
                0x0000448c                SERCOM::availableDataUART()
 .text._ZN6SERCOM11isUARTErrorEv
                0x00004498        0x8 C:\Users\Benchoff\AppData\Local\Temp\arduino\sketches\15697E12E11EB15793E3F583D9D2F6DD/core\core.a(SERCOM.cpp.o)
                0x00004498                SERCOM::isUARTError()
 .text._ZN6SERCOM20acknowledgeUARTErrorEv
                0x000044a0        0xc C:\Users\Benchoff\AppData\Local\Temp\arduino\sketches\15697E12E11EB15793E3F583D9D2F6DD/core\core.a(SERCOM.cpp.o)
                0x000044a0                SERCOM::acknowledgeUARTError()
 .text._ZN6SERCOM16isFrameErrorUARTEv
                0x000044ac        0xc C:\Users\Benchoff\AppData\Local\Temp\arduino\sketches\15697E12E11EB15793E3F583D9D2F6DD/core\core.a(SERCOM.cpp.o)
                0x000044ac                SERCOM::isFrameErrorUART()
 .text._ZN6SERCOM19clearFrameErrorUARTEv
                0x000044b8        0xc C:\Users\Benchoff\AppData\Local\Temp\arduino\sketches\15697E12E11EB15793E3F583D9D2F6DD/core\core.a(SERCOM.cpp.o)
                0x000044b8                SERCOM::clearFrameErrorUART()
 .text._ZN6SERCOM23isDataRegisterEmptyUARTEv
                0x000044c4        0xc C:\Users\Benchoff\AppData\Local\Temp\arduino\sketches\15697E12E11EB15793E3F583D9D2F6DD/core\core.a(SERCOM.cpp.o)
                0x000044c4                SERCOM::isDataRegisterEmptyUART()
 .text._ZN6SERCOM12readDataUARTEv
                0x000044d0        0x8 C:\Users\Benchoff\AppData\Local\Temp\arduino\sketches\15697E12E11EB15793E3F583D9D2F6DD/core\core.a(SERCOM.cpp.o)
                0x000044d0                SERCOM::readDataUART()
 .text._ZN6SERCOM13writeDataUARTEh
                0x000044d8       0x10 C:\Users\Benchoff\AppData\Local\Temp\arduino\sketches\15697E12E11EB15793E3F583D9D2F6DD/core\core.a(SERCOM.cpp.o)
                0x000044d8                SERCOM::writeDataUART(unsigned char)
 .text._ZN6SERCOM36enableDataRegisterEmptyInterruptUARTEv
                0x000044e8        0x8 C:\Users\Benchoff\AppData\Local\Temp\arduino\sketches\15697E12E11EB15793E3F583D9D2F6DD/core\core.a(SERCOM.cpp.o)
                0x000044e8                SERCOM::enableDataRegisterEmptyInterruptUART()
 .text._ZN6SERCOM37disableDataRegisterEmptyInterruptUARTEv
                0x000044f0        0x8 C:\Users\Benchoff\AppData\Local\Temp\arduino\sketches\15697E12E11EB15793E3F583D9D2F6DD/core\core.a(SERCOM.cpp.o)
                0x000044f0                SERCOM::disableDataRegisterEmptyInterruptUART()
 .text._ZN6SERCOM13initClockNVICEv
                0x000044f8      0x298 C:\Users\Benchoff\AppData\Local\Temp\arduino\sketches\15697E12E11EB15793E3F583D9D2F6DD/core\core.a(SERCOM.cpp.o)
                0x000044f8                SERCOM::initClockNVIC()
 .text._ZN6SERCOM8initUARTE14SercomUartMode20SercomUartSampleRatem
                0x00004790       0x7c C:\Users\Benchoff\AppData\Local\Temp\arduino\sketches\15697E12E11EB15793E3F583D9D2F6DD/core\core.a(SERCOM.cpp.o)
                0x00004790                SERCOM::initUART(SercomUartMode, SercomUartSampleRate, unsigned long)
 .text._ZN4UartcvbEv
                0x0000480c        0x4 C:\Users\Benchoff\AppData\Local\Temp\arduino\sketches\15697E12E11EB15793E3F583D9D2F6DD/core\core.a(Uart.cpp.o)
                0x0000480c                Uart::operator bool()
 .text._ZN4Uart9availableEv
                0x00004810       0x14 C:\Users\Benchoff\AppData\Local\Temp\arduino\sketches\15697E12E11EB15793E3F583D9D2F6DD/core\core.a(Uart.cpp.o)
                0x00004810                Uart::available()
 .text._ZN4Uart4peekEv
                0x00004824       0x1c C:\Users\Benchoff\AppData\Local\Temp\arduino\sketches\15697E12E11EB15793E3F583D9D2F6DD/core\core.a(Uart.cpp.o)
                0x00004824                Uart::peek()
 .text._ZN4Uart5beginEmt
                0x00004840      0x110 C:\Users\Benchoff\AppData\Local\Temp\arduino\sketches\15697E12E11EB15793E3F583D9D2F6DD/core\core.a(Uart.cpp.o)
                0x00004840                Uart::begin(unsigned long, unsigned short)
 .text._ZN4Uart3endEv
                0x00004950       0x20 C:\Users\Benchoff\AppData\Local\Temp\arduino\sketches\15697E12E11EB15793E3F583D9D2F6DD/core\core.a(Uart.cpp.o)
                0x00004950                Uart::end()
 .text._ZN4Uart5flushEv
                0x00004970       0x1c C:\Users\Benchoff\AppData\Local\Temp\arduino\sketches\15697E12E11EB15793E3F583D9D2F6DD/core\core.a(Uart.cpp.o)
                0x00004970                Uart::flush()
 .text._ZN4Uart17availableForWriteEv
                0x0000498c       0x2c C:\Users\Benchoff\AppData\Local\Temp\arduino\sketches\15697E12E11EB15793E3F583D9D2F6DD/core\core.a(Uart.cpp.o)
                0x0000498c                Uart::availableForWrite()
 .text._ZN4Uart4readEv
                0x000049b8       0x80 C:\Users\Benchoff\AppData\Local\Temp\arduino\sketches\15697E12E11EB15793E3F583D9D2F6DD/core\core.a(Uart.cpp.o)
                0x000049b8                Uart::read()
 .text._ZN4Uart5beginEm
                0x00004a38       0xec C:\Users\Benchoff\AppData\Local\Temp\arduino\sketches\15697E12E11EB15793E3F583D9D2F6DD/core\core.a(Uart.cpp.o)
                0x00004a38                Uart::begin(unsigned long)
 .text._ZN4UartC2EP6SERCOMhh11SercomRXPad15SercomUartTXPad
                0x00004b24       0x78 C:\Users\Benchoff\AppData\Local\Temp\arduino\sketches\15697E12E11EB15793E3F583D9D2F6DD/core\core.a(Uart.cpp.o)
                0x00004b24                Uart::Uart(SERCOM*, unsigned char, unsigned char, SercomRXPad, SercomUartTXPad)
                0x00004b24                Uart::Uart(SERCOM*, unsigned char, unsigned char, SercomRXPad, SercomUartTXPad)
 .text._ZN4Uart10IrqHandlerEv
                0x00004b9c      0x114 C:\Users\Benchoff\AppData\Local\Temp\arduino\sketches\15697E12E11EB15793E3F583D9D2F6DD/core\core.a(Uart.cpp.o)
                0x00004b9c                Uart::IrqHandler()
 .text._ZN4Uart5writeEh
                0x00004cb0       0xfc C:\Users\Benchoff\AppData\Local\Temp\arduino\sketches\15697E12E11EB15793E3F583D9D2F6DD/core\core.a(Uart.cpp.o)
                0x00004cb0                Uart::write(unsigned char)
 .text.Dummy_Handler
                0x00004dac        0x4 C:\Users\Benchoff\AppData\Local\Temp\arduino\sketches\15697E12E11EB15793E3F583D9D2F6DD/core\core.a(cortex_handlers.c.o)
                0x00004dac                EIC_5_Handler
                0x00004dac                SERCOM0_2_Handler
                0x00004dac                DebugMon_Handler
                0x00004dac                EIC_13_Handler
                0x00004dac                EVSYS_0_Handler
                0x00004dac                TCC1_3_Handler
                0x00004dac                DAC_3_Handler
                0x00004dac                TRNG_Handler
                0x00004dac                HardFault_Handler
                0x00004dac                PDEC_2_Handler
                0x00004dac                EIC_4_Handler
                0x00004dac                AC_Handler
                0x00004dac                SERCOM3_1_Handler
                0x00004dac                TCC2_3_Handler
                0x00004dac                SERCOM3_2_Handler
                0x00004dac                PendSV_Handler
                0x00004dac                NMI_Handler
                0x00004dac                TC7_Handler
                0x00004dac                ADC1_1_Handler
                0x00004dac                EVSYS_3_Handler
                0x00004dac                PDEC_0_Handler
                0x00004dac                QSPI_Handler
                0x00004dac                TCC0_0_Handler
                0x00004dac                EIC_3_Handler
                0x00004dac                TAL_0_Handler
                0x00004dac                DAC_2_Handler
                0x00004dac                SERCOM0_0_Handler
                0x00004dac                RTC_Handler
                0x00004dac                UsageFault_Handler
                0x00004dac                SERCOM4_0_Handler
                0x00004dac                EIC_10_Handler
                0x00004dac                SERCOM0_3_Handler
                0x00004dac                EIC_11_Handler
                0x00004dac                EIC_9_Handler
                0x00004dac                OSC32KCTRL_Handler
                0x00004dac                TCC2_1_Handler
                0x00004dac                SUPC_1_Handler
                0x00004dac                TCC0_5_Handler
                0x00004dac                TCC0_6_Handler
                0x00004dac                SERCOM6_2_Handler
                0x00004dac                EVSYS_1_Handler
                0x00004dac                TCC1_4_Handler
                0x00004dac                TC6_Handler
                0x00004dac                DMAC_0_Handler
                0x00004dac                WDT_Handler
                0x00004dac                CAN0_Handler
                0x00004dac                EIC_8_Handler
                0x00004dac                EIC_15_Handler
                0x00004dac                SERCOM6_0_Handler
                0x00004dac                TC4_Handler
                0x00004dac                TC1_Handler
                0x00004dac                OSCCTRL_4_Handler
                0x00004dac                SERCOM4_3_Handler
                0x00004dac                EIC_12_Handler
                0x00004dac                DMAC_4_Handler
                0x00004dac                TCC4_2_Handler
                0x00004dac                PAC_Handler
                0x00004dac                TCC1_0_Handler
                0x00004dac                OSCCTRL_0_Handler
                0x00004dac                EIC_0_Handler
                0x00004dac                OSCCTRL_3_Handler
                0x00004dac                SERCOM4_1_Handler
                0x00004dac                TC3_Handler
                0x00004dac                Dummy_Handler
                0x00004dac                TCC3_0_Handler
                0x00004dac                TCC2_2_Handler
                0x00004dac                TCC1_1_Handler
                0x00004dac                DMAC_2_Handler
                0x00004dac                ADC0_0_Handler
                0x00004dac                SERCOM0_1_Handler
                0x00004dac                OSCCTRL_2_Handler
                0x00004dac                ADC1_0_Handler
                0x00004dac                TCC1_2_Handler
                0x00004dac                SERCOM7_1_Handler
                0x00004dac                PM_Handler
                0x00004dac                SERCOM6_3_Handler
                0x00004dac                SERCOM2_3_Handler
                0x00004dac                DAC_4_Handler
                0x00004dac                TCC3_2_Handler
                0x00004dac                SERCOM7_0_Handler
                0x00004dac                TCC0_2_Handler
                0x00004dac                DMAC_1_Handler
                0x00004dac                TCC4_0_Handler
                0x00004dac                SERCOM7_3_Handler
                0x00004dac                GMAC_Handler
                0x00004dac                SDHC1_Handler
                0x00004dac                SERCOM7_2_Handler
                0x00004dac                CAN1_Handler
                0x00004dac                TCC2_0_Handler
                0x00004dac                PDEC_1_Handler
                0x00004dac                MemManage_Handler
                0x00004dac                TCC4_1_Handler
                0x00004dac                SVC_Handler
                0x00004dac                SERCOM6_1_Handler
                0x00004dac                SDHC0_Handler
                0x00004dac                SERCOM1_1_Handler
                0x00004dac                I2S_Handler
                0x00004dac                EIC_2_Handler
                0x00004dac                PCC_Handler
                0x00004dac                DAC_0_Handler
                0x00004dac                TCC0_1_Handler
                0x00004dac                SERCOM1_3_Handler
                0x00004dac                EIC_6_Handler
                0x00004dac                OSCCTRL_1_Handler
                0x00004dac                SERCOM1_0_Handler
                0x00004dac                PUKCC_Handler
                0x00004dac                SERCOM2_1_Handler
                0x00004dac                SERCOM1_2_Handler
                0x00004dac                SERCOM3_0_Handler
                0x00004dac                EIC_1_Handler
                0x00004dac                SERCOM4_2_Handler
                0x00004dac                EVSYS_4_Handler
                0x00004dac                EIC_7_Handler
                0x00004dac                NVMCTRL_1_Handler
                0x00004dac                SERCOM3_3_Handler
                0x00004dac                ADC0_1_Handler
                0x00004dac                SERCOM2_2_Handler
                0x00004dac                TCC3_1_Handler
                0x00004dac                EIC_14_Handler
                0x00004dac                DAC_1_Handler
                0x00004dac                NVMCTRL_0_Handler
                0x00004dac                TAL_1_Handler
                0x00004dac                MCLK_Handler
                0x00004dac                EVSYS_2_Handler
                0x00004dac                SUPC_0_Handler
                0x00004dac                BusFault_Handler
                0x00004dac                FREQM_Handler
                0x00004dac                TC0_Handler
                0x00004dac                TCC0_3_Handler
                0x00004dac                DMAC_3_Handler
                0x00004dac                TCC0_4_Handler
                0x00004dac                RAMECC_Handler
                0x00004dac                TC5_Handler
                0x00004dac                SERCOM2_0_Handler
                0x00004dac                AES_Handler
                0x00004dac                ICM_Handler
 .text.USB_0_Handler
                0x00004db0       0x10 C:\Users\Benchoff\AppData\Local\Temp\arduino\sketches\15697E12E11EB15793E3F583D9D2F6DD/core\core.a(cortex_handlers.c.o)
                0x00004db0                USB_0_Handler
 .text.Reset_Handler
                0x00004dc0       0x94 C:\Users\Benchoff\AppData\Local\Temp\arduino\sketches\15697E12E11EB15793E3F583D9D2F6DD/core\core.a(cortex_handlers.c.o)
                0x00004dc0                Reset_Handler
 .text.SysTick_Handler
                0x00004e54       0x14 C:\Users\Benchoff\AppData\Local\Temp\arduino\sketches\15697E12E11EB15793E3F583D9D2F6DD/core\core.a(cortex_handlers.c.o)
                0x00004e54                SysTick_Handler
 .text.USB_3_Handler
                0x00004e68       0x10 C:\Users\Benchoff\AppData\Local\Temp\arduino\sketches\15697E12E11EB15793E3F583D9D2F6DD/core\core.a(cortex_handlers.c.o)
                0x00004e68                USB_3_Handler
 .text.USB_1_Handler
                0x00004e78       0x10 C:\Users\Benchoff\AppData\Local\Temp\arduino\sketches\15697E12E11EB15793E3F583D9D2F6DD/core\core.a(cortex_handlers.c.o)
                0x00004e78                USB_1_Handler
 .text.USB_2_Handler
                0x00004e88       0x10 C:\Users\Benchoff\AppData\Local\Temp\arduino\sketches\15697E12E11EB15793E3F583D9D2F6DD/core\core.a(cortex_handlers.c.o)
                0x00004e88                USB_2_Handler
 .text.USB_SetHandler
                0x00004e98        0xc C:\Users\Benchoff\AppData\Local\Temp\arduino\sketches\15697E12E11EB15793E3F583D9D2F6DD/core\core.a(cortex_handlers.c.o)
                0x00004e98                USB_SetHandler
 .text.delay    0x00004ea4       0xdc C:\Users\Benchoff\AppData\Local\Temp\arduino\sketches\15697E12E11EB15793E3F583D9D2F6DD/core\core.a(delay.c.o)
                0x00004ea4                delay
 .text.SysTick_DefaultHandler
                0x00004f80       0x10 C:\Users\Benchoff\AppData\Local\Temp\arduino\sketches\15697E12E11EB15793E3F583D9D2F6DD/core\core.a(delay.c.o)
                0x00004f80                SysTick_DefaultHandler
 .text.__empty  0x00004f90        0x4 C:\Users\Benchoff\AppData\Local\Temp\arduino\sketches\15697E12E11EB15793E3F583D9D2F6DD/core\core.a(hooks.c.o)
                0x00004f90                yield
 .text.__false  0x00004f94        0x4 C:\Users\Benchoff\AppData\Local\Temp\arduino\sketches\15697E12E11EB15793E3F583D9D2F6DD/core\core.a(hooks.c.o)
                0x00004f94                sysTickHook
 .text.startup.main
                0x00004f98       0x54 C:\Users\Benchoff\AppData\Local\Temp\arduino\sketches\15697E12E11EB15793E3F583D9D2F6DD/core\core.a(main.cpp.o)
                0x00004f98                main
 .text.SystemInit
                0x00004fec      0x208 C:\Users\Benchoff\AppData\Local\Temp\arduino\sketches\15697E12E11EB15793E3F583D9D2F6DD/core\core.a(startup.c.o)
                0x00004fec                SystemInit
 *fill*         0x000051f4        0x4 
 .text.init     0x000051f8      0x124 C:\Users\Benchoff\AppData\Local\Temp\arduino\sketches\15697E12E11EB15793E3F583D9D2F6DD/core\core.a(wiring.c.o)
                0x000051f8                init
 .text.analogReference
                0x0000531c       0xf4 C:\Users\Benchoff\AppData\Local\Temp\arduino\sketches\15697E12E11EB15793E3F583D9D2F6DD/core\core.a(wiring_analog.c.o)
                0x0000531c                analogReference
 .text.pinMode  0x00005410       0x9c C:\Users\Benchoff\AppData\Local\Temp\arduino\sketches\15697E12E11EB15793E3F583D9D2F6DD/core\core.a(wiring_digital.c.o)
                0x00005410                pinMode
 .text.digitalWrite
                0x000054ac       0x5c C:\Users\Benchoff\AppData\Local\Temp\arduino\sketches\15697E12E11EB15793E3F583D9D2F6DD/core\core.a(wiring_digital.c.o)
                0x000054ac                digitalWrite
 .text.pinPeripheral
                0x00005508       0xdc C:\Users\Benchoff\AppData\Local\Temp\arduino\sketches\15697E12E11EB15793E3F583D9D2F6DD/core\core.a(wiring_private.c.o)
                0x00005508                pinPeripheral
 .text.shiftOut
                0x000055e4       0x70 C:\Users\Benchoff\AppData\Local\Temp\arduino\sketches\15697E12E11EB15793E3F583D9D2F6DD/core\core.a(wiring_shift.c.o)
                0x000055e4                shiftOut
 .text._ZN5Print5writeEPKhj
                0x00005654       0x2c C:\Users\Benchoff\AppData\Local\Temp\arduino\sketches\15697E12E11EB15793E3F583D9D2F6DD/core\core.a(Print.cpp.o)
                0x00005654                Print::write(unsigned char const*, unsigned int)
 .text.initiateReset
                0x00005680        0xc C:\Users\Benchoff\AppData\Local\Temp\arduino\sketches\15697E12E11EB15793E3F583D9D2F6DD/core\core.a(Reset.cpp.o)
                0x00005680                initiateReset
 .text.cancelReset
                0x0000568c       0x10 C:\Users\Benchoff\AppData\Local\Temp\arduino\sketches\15697E12E11EB15793E3F583D9D2F6DD/core\core.a(Reset.cpp.o)
                0x0000568c                cancelReset
 .text.tickReset
                0x0000569c       0x48 C:\Users\Benchoff\AppData\Local\Temp\arduino\sketches\15697E12E11EB15793E3F583D9D2F6DD/core\core.a(Reset.cpp.o)
                0x0000569c                tickReset
 .text._ZN26DoubleBufferedEPOutHandler4initEv
                0x000056e4        0x4 C:\Users\Benchoff\AppData\Local\Temp\arduino\sketches\15697E12E11EB15793E3F583D9D2F6DD/core\core.a(USBCore.cpp.o)
                0x000056e4                DoubleBufferedEPOutHandler::init()
 .text._ZN26DoubleBufferedEPOutHandler4recvEPvm
                0x000056e8      0x164 C:\Users\Benchoff\AppData\Local\Temp\arduino\sketches\15697E12E11EB15793E3F583D9D2F6DD/core\core.a(USBCore.cpp.o)
                0x000056e8                DoubleBufferedEPOutHandler::recv(void*, unsigned long)
 .text._ZN26DoubleBufferedEPOutHandlerD2Ev
                0x0000584c       0x14 C:\Users\Benchoff\AppData\Local\Temp\arduino\sketches\15697E12E11EB15793E3F583D9D2F6DD/core\core.a(USBCore.cpp.o)
                0x0000584c                DoubleBufferedEPOutHandler::~DoubleBufferedEPOutHandler()
                0x0000584c                DoubleBufferedEPOutHandler::~DoubleBufferedEPOutHandler()
 .text._ZN26DoubleBufferedEPOutHandlerD0Ev
                0x00005860       0x1c C:\Users\Benchoff\AppData\Local\Temp\arduino\sketches\15697E12E11EB15793E3F583D9D2F6DD/core\core.a(USBCore.cpp.o)
                0x00005860                DoubleBufferedEPOutHandler::~DoubleBufferedEPOutHandler()
 .text._ZNK26DoubleBufferedEPOutHandler9availableEv
                0x0000587c       0x44 C:\Users\Benchoff\AppData\Local\Temp\arduino\sketches\15697E12E11EB15793E3F583D9D2F6DD/core\core.a(USBCore.cpp.o)
                0x0000587c                DoubleBufferedEPOutHandler::available() const
 .text._ZN26DoubleBufferedEPOutHandler14handleEndpointEv
                0x000058c0       0xdc C:\Users\Benchoff\AppData\Local\Temp\arduino\sketches\15697E12E11EB15793E3F583D9D2F6DD/core\core.a(USBCore.cpp.o)
                0x000058c0                DoubleBufferedEPOutHandler::handleEndpoint()
 .text._ZN14USBDeviceClass20sendStringDescriptorEPKhh
                0x0000599c      0x114 C:\Users\Benchoff\AppData\Local\Temp\arduino\sketches\15697E12E11EB15793E3F583D9D2F6DD/core\core.a(USBCore.cpp.o)
                0x0000599c                USBDeviceClass::sendStringDescriptor(unsigned char const*, unsigned char)
 .text._ZN14USBDeviceClass17sendConfigurationEm
                0x00005ab0      0x170 C:\Users\Benchoff\AppData\Local\Temp\arduino\sketches\15697E12E11EB15793E3F583D9D2F6DD/core\core.a(USBCore.cpp.o)
                0x00005ab0                USBDeviceClass::sendConfiguration(unsigned long)
 .text._ZN14USBDeviceClass14sendDescriptorER8USBSetup
                0x00005c20      0x388 C:\Users\Benchoff\AppData\Local\Temp\arduino\sketches\15697E12E11EB15793E3F583D9D2F6DD/core\core.a(USBCore.cpp.o)
                0x00005c20                USBDeviceClass::sendDescriptor(USBSetup&)
 .text._ZN14USBDeviceClass4initEv
                0x00005fa8      0x120 C:\Users\Benchoff\AppData\Local\Temp\arduino\sketches\15697E12E11EB15793E3F583D9D2F6DD/core\core.a(USBCore.cpp.o)
                0x00005fa8                USBDeviceClass::init()
 .text._ZN14USBDeviceClass6attachEv
                0x000060c8       0x38 C:\Users\Benchoff\AppData\Local\Temp\arduino\sketches\15697E12E11EB15793E3F583D9D2F6DD/core\core.a(USBCore.cpp.o)
                0x000060c8                USBDeviceClass::attach()
 .text._ZN14USBDeviceClass5flushEm
                0x00006100       0x94 C:\Users\Benchoff\AppData\Local\Temp\arduino\sketches\15697E12E11EB15793E3F583D9D2F6DD/core\core.a(USBCore.cpp.o)
                0x00006100                USBDeviceClass::flush(unsigned long)
 .text._ZN14USBDeviceClass11recvControlEPvm
                0x00006194       0xb8 C:\Users\Benchoff\AppData\Local\Temp\arduino\sketches\15697E12E11EB15793E3F583D9D2F6DD/core\core.a(USBCore.cpp.o)
                0x00006194                USBDeviceClass::recvControl(void*, unsigned long)
 .text._ZN14USBDeviceClass9availableEm
                0x0000624c       0x74 C:\Users\Benchoff\AppData\Local\Temp\arduino\sketches\15697E12E11EB15793E3F583D9D2F6DD/core\core.a(USBCore.cpp.o)
                0x0000624c                USBDeviceClass::available(unsigned long)
 .text._ZN14USBDeviceClass4recvEm
                0x000062c0      0x274 C:\Users\Benchoff\AppData\Local\Temp\arduino\sketches\15697E12E11EB15793E3F583D9D2F6DD/core\core.a(USBCore.cpp.o)
                0x000062c0                USBDeviceClass::recv(unsigned long)
 .text._ZN14USBDeviceClass4sendEmPKvm
                0x00006534      0x134 C:\Users\Benchoff\AppData\Local\Temp\arduino\sketches\15697E12E11EB15793E3F583D9D2F6DD/core\core.a(USBCore.cpp.o)
                0x00006534                USBDeviceClass::send(unsigned long, void const*, unsigned long)
 .text._ZN14USBDeviceClass11sendControlEPKvm
                0x00006668       0x64 C:\Users\Benchoff\AppData\Local\Temp\arduino\sketches\15697E12E11EB15793E3F583D9D2F6DD/core\core.a(USBCore.cpp.o)
                0x00006668                USBDeviceClass::sendControl(void const*, unsigned long)
 .text._ZN14USBDeviceClass19handleStandardSetupER8USBSetup
                0x000066cc      0x364 C:\Users\Benchoff\AppData\Local\Temp\arduino\sketches\15697E12E11EB15793E3F583D9D2F6DD/core\core.a(USBCore.cpp.o)
                0x000066cc                USBDeviceClass::handleStandardSetup(USBSetup&)
 .text._ZN14USBDeviceClass10ISRHandlerEv.part.0
                0x00006a30      0x324 C:\Users\Benchoff\AppData\Local\Temp\arduino\sketches\15697E12E11EB15793E3F583D9D2F6DD/core\core.a(USBCore.cpp.o)
 .text.UDD_Handler
                0x00006d54       0x18 C:\Users\Benchoff\AppData\Local\Temp\arduino\sketches\15697E12E11EB15793E3F583D9D2F6DD/core\core.a(USBCore.cpp.o)
                0x00006d54                UDD_Handler
 .text.startup._GLOBAL__sub_I_usbd
                0x00006d6c       0x10 C:\Users\Benchoff\AppData\Local\Temp\arduino\sketches\15697E12E11EB15793E3F583D9D2F6DD/core\core.a(USBCore.cpp.o)
 .text._Znwj    0x00006d7c        0x4 C:\Users\Benchoff\AppData\Local\Temp\arduino\sketches\15697E12E11EB15793E3F583D9D2F6DD/core\core.a(new.cpp.o)
                0x00006d7c                operator new(unsigned int)
 .text._ZdlPv   0x00006d80        0x4 C:\Users\Benchoff\AppData\Local\Temp\arduino\sketches\15697E12E11EB15793E3F583D9D2F6DD/core\core.a(new.cpp.o)
                0x00006d80                operator delete(void*)
 .text._ZN7Serial_17availableForWriteEv
                0x00006d84        0x4 C:\Users\Benchoff\AppData\Local\Temp\arduino\sketches\15697E12E11EB15793E3F583D9D2F6DD/core\core.a(CDC.cpp.o)
                0x00006d84                Serial_::availableForWrite()
 .text._ZN7Serial_9availableEv
                0x00006d88        0x8 C:\Users\Benchoff\AppData\Local\Temp\arduino\sketches\15697E12E11EB15793E3F583D9D2F6DD/core\core.a(CDC.cpp.o)
                0x00006d88                Serial_::available()
 .text._ZN7Serial_5flushEv
                0x00006d90        0x8 C:\Users\Benchoff\AppData\Local\Temp\arduino\sketches\15697E12E11EB15793E3F583D9D2F6DD/core\core.a(CDC.cpp.o)
                0x00006d90                Serial_::flush()
 .text._ZN7Serial_5writeEPKhj
                0x00006d98       0x28 C:\Users\Benchoff\AppData\Local\Temp\arduino\sketches\15697E12E11EB15793E3F583D9D2F6DD/core\core.a(CDC.cpp.o)
                0x00006d98                Serial_::write(unsigned char const*, unsigned int)
 .text._ZN7Serial_4readEv
                0x00006dc0       0x20 C:\Users\Benchoff\AppData\Local\Temp\arduino\sketches\15697E12E11EB15793E3F583D9D2F6DD/core\core.a(CDC.cpp.o)
                0x00006dc0                Serial_::read()
 .text._ZN7Serial_4peekEv
                0x00006de0       0x34 C:\Users\Benchoff\AppData\Local\Temp\arduino\sketches\15697E12E11EB15793E3F583D9D2F6DD/core\core.a(CDC.cpp.o)
                0x00006de0                Serial_::peek()
 .text._ZN7Serial_5writeEh
                0x00006e14       0x50 C:\Users\Benchoff\AppData\Local\Temp\arduino\sketches\15697E12E11EB15793E3F583D9D2F6DD/core\core.a(CDC.cpp.o)
                0x00006e14                Serial_::write(unsigned char)
 .text._Z16CDC_GetInterfacePh
                0x00006e64       0x20 C:\Users\Benchoff\AppData\Local\Temp\arduino\sketches\15697E12E11EB15793E3F583D9D2F6DD/core\core.a(CDC.cpp.o)
                0x00006e64                CDC_GetInterface(unsigned char*)
 .text._Z9CDC_SetupR8USBSetup
                0x00006e84       0x7c C:\Users\Benchoff\AppData\Local\Temp\arduino\sketches\15697E12E11EB15793E3F583D9D2F6DD/core\core.a(CDC.cpp.o)
                0x00006e84                CDC_Setup(USBSetup&)
 .text.startup._GLOBAL__sub_I__Z17_CDC_GetInterfacev
                0x00006f00       0x24 C:\Users\Benchoff\AppData\Local\Temp\arduino\sketches\15697E12E11EB15793E3F583D9D2F6DD/core\core.a(CDC.cpp.o)
 .text._ZN13PluggableUSB_12getInterfaceEPh
                0x00006f24       0x2c C:\Users\Benchoff\AppData\Local\Temp\arduino\sketches\15697E12E11EB15793E3F583D9D2F6DD/core\core.a(PluggableUSB.cpp.o)
                0x00006f24                PluggableUSB_::getInterface(unsigned char*)
 .text._ZN13PluggableUSB_13getDescriptorER8USBSetup
                0x00006f50       0x24 C:\Users\Benchoff\AppData\Local\Temp\arduino\sketches\15697E12E11EB15793E3F583D9D2F6DD/core\core.a(PluggableUSB.cpp.o)
                0x00006f50                PluggableUSB_::getDescriptor(USBSetup&)
 .text._ZN13PluggableUSB_5setupER8USBSetup
                0x00006f74       0x24 C:\Users\Benchoff\AppData\Local\Temp\arduino\sketches\15697E12E11EB15793E3F583D9D2F6DD/core\core.a(PluggableUSB.cpp.o)
                0x00006f74                PluggableUSB_::setup(USBSetup&)
 .text._Z12PluggableUSBv
                0x00006f98       0x30 C:\Users\Benchoff\AppData\Local\Temp\arduino\sketches\15697E12E11EB15793E3F583D9D2F6DD/core\core.a(PluggableUSB.cpp.o)
                0x00006f98                PluggableUSB()
 .text._ZN20USBDevice_SAMD21G18x5resetEv
                0x00006fc8       0x2c C:\Users\Benchoff\AppData\Local\Temp\arduino\sketches\15697E12E11EB15793E3F583D9D2F6DD/core\core.a(SAMD21_USBDevice.cpp.o)
                0x00006fc8                USBDevice_SAMD21G18x::reset()
 .text._ZN20USBDevice_SAMD21G18x9calibrateEv
                0x00006ff4       0x44 C:\Users\Benchoff\AppData\Local\Temp\arduino\sketches\15697E12E11EB15793E3F583D9D2F6DD/core\core.a(SAMD21_USBDevice.cpp.o)
                0x00006ff4                USBDevice_SAMD21G18x::calibrate()
 .text.__libc_init_array
                0x00007038       0x48 c:/users/benchoff/appdata/local/arduino15/packages/adafruit/tools/arm-none-eabi-gcc/9-2019q4/bin/../lib/gcc/arm-none-eabi/9.2.1/../../../../arm-none-eabi/lib/thumb/v7e-m+fp/hard\libc_nano.a(lib_a-init.o)
                0x00007038                __libc_init_array
 .text.malloc   0x00007080       0x10 c:/users/benchoff/appdata/local/arduino15/packages/adafruit/tools/arm-none-eabi-gcc/9-2019q4/bin/../lib/gcc/arm-none-eabi/9.2.1/../../../../arm-none-eabi/lib/thumb/v7e-m+fp/hard\libc_nano.a(lib_a-malloc.o)
                0x00007080                malloc
 .text.free     0x00007090       0x10 c:/users/benchoff/appdata/local/arduino15/packages/adafruit/tools/arm-none-eabi-gcc/9-2019q4/bin/../lib/gcc/arm-none-eabi/9.2.1/../../../../arm-none-eabi/lib/thumb/v7e-m+fp/hard\libc_nano.a(lib_a-malloc.o)
                0x00007090                free
 .text.memcpy   0x000070a0       0x1c c:/users/benchoff/appdata/local/arduino15/packages/adafruit/tools/arm-none-eabi-gcc/9-2019q4/bin/../lib/gcc/arm-none-eabi/9.2.1/../../../../arm-none-eabi/lib/thumb/v7e-m+fp/hard\libc_nano.a(lib_a-memcpy-stub.o)
                0x000070a0                memcpy
 .text.memset   0x000070bc       0x10 c:/users/benchoff/appdata/local/arduino15/packages/adafruit/tools/arm-none-eabi-gcc/9-2019q4/bin/../lib/gcc/arm-none-eabi/9.2.1/../../../../arm-none-eabi/lib/thumb/v7e-m+fp/hard\libc_nano.a(lib_a-memset.o)
                0x000070bc                memset
 .text._free_r  0x000070cc       0xa0 c:/users/benchoff/appdata/local/arduino15/packages/adafruit/tools/arm-none-eabi-gcc/9-2019q4/bin/../lib/gcc/arm-none-eabi/9.2.1/../../../../arm-none-eabi/lib/thumb/v7e-m+fp/hard\libc_nano.a(lib_a-nano-freer.o)
                0x000070cc                _free_r
 .text._malloc_r
                0x0000716c       0xb4 c:/users/benchoff/appdata/local/arduino15/packages/adafruit/tools/arm-none-eabi-gcc/9-2019q4/bin/../lib/gcc/arm-none-eabi/9.2.1/../../../../arm-none-eabi/lib/thumb/v7e-m+fp/hard\libc_nano.a(lib_a-nano-mallocr.o)
                0x0000716c                _malloc_r
 .text._sbrk_r  0x00007220       0x20 c:/users/benchoff/appdata/local/arduino15/packages/adafruit/tools/arm-none-eabi-gcc/9-2019q4/bin/../lib/gcc/arm-none-eabi/9.2.1/../../../../arm-none-eabi/lib/thumb/v7e-m+fp/hard\libc_nano.a(lib_a-sbrkr.o)
                0x00007220                _sbrk_r
 .text          0x00007240       0x10 c:/users/benchoff/appdata/local/arduino15/packages/adafruit/tools/arm-none-eabi-gcc/9-2019q4/bin/../lib/gcc/arm-none-eabi/9.2.1/../../../../arm-none-eabi/lib/thumb/v7e-m+fp/hard\libc_nano.a(lib_a-strlen.o)
                0x00007240                strlen
 .text.__malloc_lock
                0x00007250        0xc c:/users/benchoff/appdata/local/arduino15/packages/adafruit/tools/arm-none-eabi-gcc/9-2019q4/bin/../lib/gcc/arm-none-eabi/9.2.1/../../../../arm-none-eabi/lib/thumb/v7e-m+fp/hard\libc_nano.a(lib_a-mlock.o)
                0x00007250                __malloc_lock
 .text.__malloc_unlock
                0x0000725c        0xc c:/users/benchoff/appdata/local/arduino15/packages/adafruit/tools/arm-none-eabi-gcc/9-2019q4/bin/../lib/gcc/arm-none-eabi/9.2.1/../../../../arm-none-eabi/lib/thumb/v7e-m+fp/hard\libc_nano.a(lib_a-mlock.o)
                0x0000725c                __malloc_unlock
 .text.__retarget_lock_acquire_recursive
                0x00007268        0x2 c:/users/benchoff/appdata/local/arduino15/packages/adafruit/tools/arm-none-eabi-gcc/9-2019q4/bin/../lib/gcc/arm-none-eabi/9.2.1/../../../../arm-none-eabi/lib/thumb/v7e-m+fp/hard\libc_nano.a(lib_a-lock.o)
                0x00007268                __retarget_lock_acquire_recursive
 .text.__retarget_lock_release_recursive
                0x0000726a        0x2 c:/users/benchoff/appdata/local/arduino15/packages/adafruit/tools/arm-none-eabi-gcc/9-2019q4/bin/../lib/gcc/arm-none-eabi/9.2.1/../../../../arm-none-eabi/lib/thumb/v7e-m+fp/hard\libc_nano.a(lib_a-lock.o)
                0x0000726a                __retarget_lock_release_recursive
 .text._sbrk    0x0000726c       0x1c c:/users/benchoff/appdata/local/arduino15/packages/adafruit/tools/arm-none-eabi-gcc/9-2019q4/bin/../lib/gcc/arm-none-eabi/9.2.1/../../../../arm-none-eabi/lib/thumb/v7e-m+fp/hard\libnosys.a(sbrk.o)
                0x0000726c                _sbrk
 *(.init)
 .init          0x00007288        0x4 c:/users/benchoff/appdata/local/arduino15/packages/adafruit/tools/arm-none-eabi-gcc/9-2019q4/bin/../lib/gcc/arm-none-eabi/9.2.1/thumb/v7e-m+fp/hard/crti.o
                0x00007288                _init
 .init          0x0000728c        0x8 c:/users/benchoff/appdata/local/arduino15/packages/adafruit/tools/arm-none-eabi-gcc/9-2019q4/bin/../lib/gcc/arm-none-eabi/9.2.1/thumb/v7e-m+fp/hard/crtn.o
 *(.fini)
 .fini          0x00007294        0x4 c:/users/benchoff/appdata/local/arduino15/packages/adafruit/tools/arm-none-eabi-gcc/9-2019q4/bin/../lib/gcc/arm-none-eabi/9.2.1/thumb/v7e-m+fp/hard/crti.o
                0x00007294                _fini
 .fini          0x00007298        0x8 c:/users/benchoff/appdata/local/arduino15/packages/adafruit/tools/arm-none-eabi-gcc/9-2019q4/bin/../lib/gcc/arm-none-eabi/9.2.1/thumb/v7e-m+fp/hard/crtn.o
 *crtbegin.o(.ctors)
 *crtbegin?.o(.ctors)
 *(EXCLUDE_FILE(*crtend.o *crtend?.o) .ctors)
 *(SORT_BY_NAME(.ctors.*))
 *(.ctors)
 *crtbegin.o(.dtors)
 *crtbegin?.o(.dtors)
 *(EXCLUDE_FILE(*crtend.o *crtend?.o) .dtors)
 *(SORT_BY_NAME(.dtors.*))
 *(.dtors)
 *(.rodata*)
 .rodata.g_APinDescription
                0x000072a0      0x420 C:\Users\Benchoff\AppData\Local\Temp\arduino\sketches\15697E12E11EB15793E3F583D9D2F6DD\core\variant.cpp.o
                0x000072a0                g_APinDescription
 .rodata._ZL10sercomData
                0x000076c0       0x60 C:\Users\Benchoff\AppData\Local\Temp\arduino\sketches\15697E12E11EB15793E3F583D9D2F6DD/core\core.a(SERCOM.cpp.o)
 .rodata._ZTV4Uart
                0x00007720       0x34 C:\Users\Benchoff\AppData\Local\Temp\arduino\sketches\15697E12E11EB15793E3F583D9D2F6DD/core\core.a(Uart.cpp.o)
                0x00007720                vtable for Uart
 .rodata._ZTV26DoubleBufferedEPOutHandler
                0x00007754       0x20 C:\Users\Benchoff\AppData\Local\Temp\arduino\sketches\15697E12E11EB15793E3F583D9D2F6DD/core\core.a(USBCore.cpp.o)
                0x00007754                vtable for DoubleBufferedEPOutHandler
 .rodata._ZL14STRING_PRODUCT
                0x00007774        0xf C:\Users\Benchoff\AppData\Local\Temp\arduino\sketches\15697E12E11EB15793E3F583D9D2F6DD/core\core.a(USBCore.cpp.o)
 *fill*         0x00007783        0x1 
 .rodata._ZL15STRING_LANGUAGE
                0x00007784        0x4 C:\Users\Benchoff\AppData\Local\Temp\arduino\sketches\15697E12E11EB15793E3F583D9D2F6DD/core\core.a(USBCore.cpp.o)
 .rodata._ZL19STRING_MANUFACTURER
                0x00007788        0x9 C:\Users\Benchoff\AppData\Local\Temp\arduino\sketches\15697E12E11EB15793E3F583D9D2F6DD/core\core.a(USBCore.cpp.o)
 *fill*         0x00007791        0x3 
 .rodata._ZL21USB_DeviceDescriptorB
                0x00007794       0x12 C:\Users\Benchoff\AppData\Local\Temp\arduino\sketches\15697E12E11EB15793E3F583D9D2F6DD/core\core.a(USBCore.cpp.o)
 *fill*         0x000077a6        0x2 
 .rodata._ZTV7Serial_
                0x000077a8       0x24 C:\Users\Benchoff\AppData\Local\Temp\arduino\sketches\15697E12E11EB15793E3F583D9D2F6DD/core\core.a(CDC.cpp.o)
                0x000077a8                vtable for Serial_
 *(.eh_frame*)
 .eh_frame      0x000077cc        0x0 c:/users/benchoff/appdata/local/arduino15/packages/adafruit/tools/arm-none-eabi-gcc/9-2019q4/bin/../lib/gcc/arm-none-eabi/9.2.1/thumb/v7e-m+fp/hard/crtbegin.o
 .eh_frame      0x000077cc        0x4 c:/users/benchoff/appdata/local/arduino15/packages/adafruit/tools/arm-none-eabi-gcc/9-2019q4/bin/../lib/gcc/arm-none-eabi/9.2.1/thumb/v7e-m+fp/hard/crtend.o

.glue_7         0x000077d0        0x0
 .glue_7        0x000077d0        0x0 linker stubs

.glue_7t        0x000077d0        0x0
 .glue_7t       0x000077d0        0x0 linker stubs

.vfp11_veneer   0x000077d0        0x0
 .vfp11_veneer  0x000077d0        0x0 linker stubs

.v4_bx          0x000077d0        0x0
 .v4_bx         0x000077d0        0x0 linker stubs

.iplt           0x000077d0        0x0
 .iplt          0x000077d0        0x0 c:/users/benchoff/appdata/local/arduino15/packages/adafruit/tools/arm-none-eabi-gcc/9-2019q4/bin/../lib/gcc/arm-none-eabi/9.2.1/thumb/v7e-m+fp/hard/crtbegin.o

.rel.dyn        0x000077d0        0x0
 .rel.iplt      0x000077d0        0x0 c:/users/benchoff/appdata/local/arduino15/packages/adafruit/tools/arm-none-eabi-gcc/9-2019q4/bin/../lib/gcc/arm-none-eabi/9.2.1/thumb/v7e-m+fp/hard/crtbegin.o

.ARM.extab
 *(.ARM.extab* .gnu.linkonce.armextab.*)
                0x000077d0                __exidx_start = .

.ARM.exidx
 *(.ARM.exidx* .gnu.linkonce.armexidx.*)
                0x000077d0                __exidx_end = .
                0x000077d0                __etext = .

.canram         0x20000000        0x0
                0x20000000                . = ALIGN (0x4)
 *(.canram)

.data           0x20000000      0x200 load address 0x000077d0
                0x20000000                __data_start__ = .
 *(vtable)
 *(.data*)
 .data.character
                0x20000000      0x100 C:\Users\Benchoff\AppData\Local\Temp\arduino\sketches\15697E12E11EB15793E3F583D9D2F6DD\sketch\ShifterKnob.ino.cpp.o
                0x20000000                character
 .data.SystemCoreClock
                0x20000100        0x4 C:\Users\Benchoff\AppData\Local\Temp\arduino\sketches\15697E12E11EB15793E3F583D9D2F6DD/core\core.a(wiring.c.o)
                0x20000100                SystemCoreClock
 .data._ZL5ticks
                0x20000104        0x4 C:\Users\Benchoff\AppData\Local\Temp\arduino\sketches\15697E12E11EB15793E3F583D9D2F6DD/core\core.a(Reset.cpp.o)
 .data.EndPoints
                0x20000108       0x28 C:\Users\Benchoff\AppData\Local\Temp\arduino\sketches\15697E12E11EB15793E3F583D9D2F6DD/core\core.a(USBCore.cpp.o)
                0x20000108                EndPoints
 .data._ZL10breakValue
                0x20000130        0x4 C:\Users\Benchoff\AppData\Local\Temp\arduino\sketches\15697E12E11EB15793E3F583D9D2F6DD/core\core.a(CDC.cpp.o)
 .data._ZL12_usbLineInfo
                0x20000134        0x8 C:\Users\Benchoff\AppData\Local\Temp\arduino\sketches\15697E12E11EB15793E3F583D9D2F6DD/core\core.a(CDC.cpp.o)
 .data._ZL13_cdcInterface
                0x2000013c       0x42 C:\Users\Benchoff\AppData\Local\Temp\arduino\sketches\15697E12E11EB15793E3F583D9D2F6DD/core\core.a(CDC.cpp.o)
 *fill*         0x2000017e        0x2 
 .data._serialPeek
                0x20000180        0x4 C:\Users\Benchoff\AppData\Local\Temp\arduino\sketches\15697E12E11EB15793E3F583D9D2F6DD/core\core.a(CDC.cpp.o)
                0x20000180                _serialPeek
 .data._impure_ptr
                0x20000184        0x4 c:/users/benchoff/appdata/local/arduino15/packages/adafruit/tools/arm-none-eabi-gcc/9-2019q4/bin/../lib/gcc/arm-none-eabi/9.2.1/../../../../arm-none-eabi/lib/thumb/v7e-m+fp/hard\libc_nano.a(lib_a-impure.o)
                0x20000184                _impure_ptr
 .data.impure_data
                0x20000188       0x60 c:/users/benchoff/appdata/local/arduino15/packages/adafruit/tools/arm-none-eabi-gcc/9-2019q4/bin/../lib/gcc/arm-none-eabi/9.2.1/../../../../arm-none-eabi/lib/thumb/v7e-m+fp/hard\libc_nano.a(lib_a-impure.o)
                0x200001e8                . = ALIGN (0x4)
                0x200001e8                PROVIDE (__preinit_array_start = .)
 *(.preinit_array)
                0x200001e8                PROVIDE (__preinit_array_end = .)
                0x200001e8                . = ALIGN (0x4)
                0x200001e8                PROVIDE (__init_array_start = .)
 *(SORT_BY_NAME(.init_array.*))
 *(.init_array)
 .init_array    0x200001e8        0x4 c:/users/benchoff/appdata/local/arduino15/packages/adafruit/tools/arm-none-eabi-gcc/9-2019q4/bin/../lib/gcc/arm-none-eabi/9.2.1/thumb/v7e-m+fp/hard/crtbegin.o
 .init_array    0x200001ec        0x4 C:\Users\Benchoff\AppData\Local\Temp\arduino\sketches\15697E12E11EB15793E3F583D9D2F6DD\core\variant.cpp.o
 .init_array    0x200001f0        0x4 C:\Users\Benchoff\AppData\Local\Temp\arduino\sketches\15697E12E11EB15793E3F583D9D2F6DD/core\core.a(USBCore.cpp.o)
 .init_array    0x200001f4        0x4 C:\Users\Benchoff\AppData\Local\Temp\arduino\sketches\15697E12E11EB15793E3F583D9D2F6DD/core\core.a(CDC.cpp.o)
                0x200001f8                PROVIDE (__init_array_end = .)
                0x200001f8                . = ALIGN (0x4)
                [!provide]                PROVIDE (__fini_array_start = .)
 *(SORT_BY_NAME(.fini_array.*))
 *(.fini_array)
 .fini_array    0x200001f8        0x4 c:/users/benchoff/appdata/local/arduino15/packages/adafruit/tools/arm-none-eabi-gcc/9-2019q4/bin/../lib/gcc/arm-none-eabi/9.2.1/thumb/v7e-m+fp/hard/crtbegin.o
                [!provide]                PROVIDE (__fini_array_end = .)
 *(.jcr*)
                0x20000200                . = ALIGN (0x10)
 *fill*         0x200001fc        0x4 
                0x20000200                __data_end__ = .

.igot.plt       0x20000200        0x0 load address 0x000079d0
 .igot.plt      0x20000200        0x0 c:/users/benchoff/appdata/local/arduino15/packages/adafruit/tools/arm-none-eabi-gcc/9-2019q4/bin/../lib/gcc/arm-none-eabi/9.2.1/thumb/v7e-m+fp/hard/crtbegin.o

.bss            0x20000200      0x96c load address 0x000079d0
                0x20000200                . = ALIGN (0x4)
                0x20000200                __bss_start__ = .
 *(.bss*)
 .bss           0x20000200       0x1c c:/users/benchoff/appdata/local/arduino15/packages/adafruit/tools/arm-none-eabi-gcc/9-2019q4/bin/../lib/gcc/arm-none-eabi/9.2.1/thumb/v7e-m+fp/hard/crtbegin.o
 .bss.Serial1   0x2000021c      0x2fc C:\Users\Benchoff\AppData\Local\Temp\arduino\sketches\15697E12E11EB15793E3F583D9D2F6DD\core\variant.cpp.o
                0x2000021c                Serial1
 .bss.sercom0   0x20000518        0xc C:\Users\Benchoff\AppData\Local\Temp\arduino\sketches\15697E12E11EB15793E3F583D9D2F6DD\core\variant.cpp.o
                0x20000518                sercom0
 .bss.sercom1   0x20000524        0xc C:\Users\Benchoff\AppData\Local\Temp\arduino\sketches\15697E12E11EB15793E3F583D9D2F6DD\core\variant.cpp.o
                0x20000524                sercom1
 .bss.sercom2   0x20000530        0xc C:\Users\Benchoff\AppData\Local\Temp\arduino\sketches\15697E12E11EB15793E3F583D9D2F6DD\core\variant.cpp.o
                0x20000530                sercom2
 .bss.sercom3   0x2000053c        0xc C:\Users\Benchoff\AppData\Local\Temp\arduino\sketches\15697E12E11EB15793E3F583D9D2F6DD\core\variant.cpp.o
                0x2000053c                sercom3
 .bss.sercom4   0x20000548        0xc C:\Users\Benchoff\AppData\Local\Temp\arduino\sketches\15697E12E11EB15793E3F583D9D2F6DD\core\variant.cpp.o
                0x20000548                sercom4
 .bss.sercom5   0x20000554        0xc C:\Users\Benchoff\AppData\Local\Temp\arduino\sketches\15697E12E11EB15793E3F583D9D2F6DD\core\variant.cpp.o
                0x20000554                sercom5
 .bss.usb_isr   0x20000560        0x4 C:\Users\Benchoff\AppData\Local\Temp\arduino\sketches\15697E12E11EB15793E3F583D9D2F6DD/core\core.a(cortex_handlers.c.o)
 .bss._ulTickCount
                0x20000564        0x4 C:\Users\Benchoff\AppData\Local\Temp\arduino\sketches\15697E12E11EB15793E3F583D9D2F6DD/core\core.a(delay.c.o)
 .bss.USBDevice
                0x20000568        0x1 C:\Users\Benchoff\AppData\Local\Temp\arduino\sketches\15697E12E11EB15793E3F583D9D2F6DD/core\core.a(USBCore.cpp.o)
                0x20000568                USBDevice
 *fill*         0x20000569        0x3 
 .bss._ZL10epHandlers
                0x2000056c       0x1c C:\Users\Benchoff\AppData\Local\Temp\arduino\sketches\15697E12E11EB15793E3F583D9D2F6DD/core\core.a(USBCore.cpp.o)
 .bss._ZL10rxLEDPulse
                0x20000588        0x1 C:\Users\Benchoff\AppData\Local\Temp\arduino\sketches\15697E12E11EB15793E3F583D9D2F6DD/core\core.a(USBCore.cpp.o)
 .bss._ZL10txLEDPulse
                0x20000589        0x1 C:\Users\Benchoff\AppData\Local\Temp\arduino\sketches\15697E12E11EB15793E3F583D9D2F6DD/core\core.a(USBCore.cpp.o)
 .bss._ZL14isEndpointHalt
                0x2000058a        0x1 C:\Users\Benchoff\AppData\Local\Temp\arduino\sketches\15697E12E11EB15793E3F583D9D2F6DD/core\core.a(USBCore.cpp.o)
 *fill*         0x2000058b        0x1 
 .bss._ZL20LastTransmitTimedOut
                0x2000058c        0x7 C:\Users\Benchoff\AppData\Local\Temp\arduino\sketches\15697E12E11EB15793E3F583D9D2F6DD/core\core.a(USBCore.cpp.o)
 .bss._ZL21isRemoteWakeUpEnabled
                0x20000593        0x1 C:\Users\Benchoff\AppData\Local\Temp\arduino\sketches\15697E12E11EB15793E3F583D9D2F6DD/core\core.a(USBCore.cpp.o)
 .bss._ZL22udd_ep_in_cache_buffer
                0x20000594      0x1c0 C:\Users\Benchoff\AppData\Local\Temp\arduino\sketches\15697E12E11EB15793E3F583D9D2F6DD/core\core.a(USBCore.cpp.o)
 .bss._ZL23udd_ep_out_cache_buffer
                0x20000754      0x1c0 C:\Users\Benchoff\AppData\Local\Temp\arduino\sketches\15697E12E11EB15793E3F583D9D2F6DD/core\core.a(USBCore.cpp.o)
 .bss._dry_run  0x20000914        0x1 C:\Users\Benchoff\AppData\Local\Temp\arduino\sketches\15697E12E11EB15793E3F583D9D2F6DD/core\core.a(USBCore.cpp.o)
                0x20000914                _dry_run
 *fill*         0x20000915        0x3 
 .bss._pack_buffer
                0x20000918      0x100 C:\Users\Benchoff\AppData\Local\Temp\arduino\sketches\15697E12E11EB15793E3F583D9D2F6DD/core\core.a(USBCore.cpp.o)
                0x20000918                _pack_buffer
 .bss._pack_message
                0x20000a18        0x1 C:\Users\Benchoff\AppData\Local\Temp\arduino\sketches\15697E12E11EB15793E3F583D9D2F6DD/core\core.a(USBCore.cpp.o)
                0x20000a18                _pack_message
 *fill*         0x20000a19        0x1 
 .bss._pack_size
                0x20000a1a        0x2 C:\Users\Benchoff\AppData\Local\Temp\arduino\sketches\15697E12E11EB15793E3F583D9D2F6DD/core\core.a(USBCore.cpp.o)
                0x20000a1a                _pack_size
 .bss._usbConfiguration
                0x20000a1c        0x4 C:\Users\Benchoff\AppData\Local\Temp\arduino\sketches\15697E12E11EB15793E3F583D9D2F6DD/core\core.a(USBCore.cpp.o)
                0x20000a1c                _usbConfiguration
 .bss._usbSetInterface
                0x20000a20        0x4 C:\Users\Benchoff\AppData\Local\Temp\arduino\sketches\15697E12E11EB15793E3F583D9D2F6DD/core\core.a(USBCore.cpp.o)
                0x20000a20                _usbSetInterface
 .bss.usbd      0x20000a24      0x104 C:\Users\Benchoff\AppData\Local\Temp\arduino\sketches\15697E12E11EB15793E3F583D9D2F6DD/core\core.a(USBCore.cpp.o)
                0x20000a24                usbd
 .bss.Serial    0x20000b28       0x1c C:\Users\Benchoff\AppData\Local\Temp\arduino\sketches\15697E12E11EB15793E3F583D9D2F6DD/core\core.a(CDC.cpp.o)
                0x20000b28                Serial
 .bss._ZGVZ12PluggableUSBvE3obj
                0x20000b44        0x4 C:\Users\Benchoff\AppData\Local\Temp\arduino\sketches\15697E12E11EB15793E3F583D9D2F6DD/core\core.a(PluggableUSB.cpp.o)
 .bss._ZZ12PluggableUSBvE3obj
                0x20000b48        0x8 C:\Users\Benchoff\AppData\Local\Temp\arduino\sketches\15697E12E11EB15793E3F583D9D2F6DD/core\core.a(PluggableUSB.cpp.o)
 .bss.__malloc_free_list
                0x20000b50        0x4 c:/users/benchoff/appdata/local/arduino15/packages/adafruit/tools/arm-none-eabi-gcc/9-2019q4/bin/../lib/gcc/arm-none-eabi/9.2.1/../../../../arm-none-eabi/lib/thumb/v7e-m+fp/hard\libc_nano.a(lib_a-nano-mallocr.o)
                0x20000b50                __malloc_free_list
 .bss.__malloc_sbrk_start
                0x20000b54        0x4 c:/users/benchoff/appdata/local/arduino15/packages/adafruit/tools/arm-none-eabi-gcc/9-2019q4/bin/../lib/gcc/arm-none-eabi/9.2.1/../../../../arm-none-eabi/lib/thumb/v7e-m+fp/hard\libc_nano.a(lib_a-nano-mallocr.o)
                0x20000b54                __malloc_sbrk_start
 .bss.heap_end.5507
                0x20000b58        0x4 c:/users/benchoff/appdata/local/arduino15/packages/adafruit/tools/arm-none-eabi-gcc/9-2019q4/bin/../lib/gcc/arm-none-eabi/9.2.1/../../../../arm-none-eabi/lib/thumb/v7e-m+fp/hard\libnosys.a(sbrk.o)
 *(COMMON)
 COMMON         0x20000b5c        0x4 c:/users/benchoff/appdata/local/arduino15/packages/adafruit/tools/arm-none-eabi-gcc/9-2019q4/bin/../lib/gcc/arm-none-eabi/9.2.1/../../../../arm-none-eabi/lib/thumb/v7e-m+fp/hard\libc_nano.a(lib_a-reent.o)
                0x20000b5c                errno
 COMMON         0x20000b60        0x9 c:/users/benchoff/appdata/local/arduino15/packages/adafruit/tools/arm-none-eabi-gcc/9-2019q4/bin/../lib/gcc/arm-none-eabi/9.2.1/../../../../arm-none-eabi/lib/thumb/v7e-m+fp/hard\libc_nano.a(lib_a-lock.o)
                0x20000b60                __lock___atexit_recursive_mutex
                0x20000b61                __lock___arc4random_mutex
                0x20000b62                __lock___env_recursive_mutex
                0x20000b63                __lock___sinit_recursive_mutex
                0x20000b64                __lock___malloc_recursive_mutex
                0x20000b65                __lock___at_quick_exit_mutex
                0x20000b66                __lock___dd_hash_mutex
                0x20000b67                __lock___tz_mutex
                0x20000b68                __lock___sfp_recursive_mutex
                0x20000b6c                . = ALIGN (0x4)
 *fill*         0x20000b69        0x3 
                0x20000b6c                __bss_end__ = .

.heap           0x20000b6c        0x0
                0x20000b6c                __end__ = .
                0x20000b6c                PROVIDE (end = .)
 *(.heap*)
                0x20000b6c                __HeapLimit = .

.stack_dummy    0x20000b6c        0x0
 *(.stack*)
                0x20030000                __StackTop = (ORIGIN (RAM) + LENGTH (RAM))
                0x20030000                __StackLimit = (__StackTop - SIZEOF (.stack_dummy))
                0x20030000                PROVIDE (__stack = __StackTop)
                0x2002ffff                __ram_end__ = ((ORIGIN (RAM) + LENGTH (RAM)) - 0x1)
                0x00000001                ASSERT ((__StackLimit >= __HeapLimit), region RAM overflowed with stack)
OUTPUT(C:\Users\Benchoff\AppData\Local\Temp\arduino\sketches\15697E12E11EB15793E3F583D9D2F6DD/ShifterKnob.ino.elf elf32-littlearm)

.ARM.attributes
                0x00000000       0x30
 .ARM.attributes
                0x00000000       0x1e c:/users/benchoff/appdata/local/arduino15/packages/adafruit/tools/arm-none-eabi-gcc/9-2019q4/bin/../lib/gcc/arm-none-eabi/9.2.1/thumb/v7e-m+fp/hard/crti.o
 .ARM.attributes
                0x0000001e       0x34 c:/users/benchoff/appdata/local/arduino15/packages/adafruit/tools/arm-none-eabi-gcc/9-2019q4/bin/../lib/gcc/arm-none-eabi/9.2.1/thumb/v7e-m+fp/hard/crtbegin.o
 .ARM.attributes
                0x00000052       0x30 C:\Users\Benchoff\AppData\Local\Temp\arduino\sketches\15697E12E11EB15793E3F583D9D2F6DD\sketch\ShifterKnob.ino.cpp.o
 .ARM.attributes
                0x00000082       0x30 C:\Users\Benchoff\AppData\Local\Temp\arduino\sketches\15697E12E11EB15793E3F583D9D2F6DD\core\variant.cpp.o
 .ARM.attributes
                0x000000b2       0x30 C:\Users\Benchoff\AppData\Local\Temp\arduino\sketches\15697E12E11EB15793E3F583D9D2F6DD/core\core.a(SERCOM.cpp.o)
 .ARM.attributes
                0x000000e2       0x30 C:\Users\Benchoff\AppData\Local\Temp\arduino\sketches\15697E12E11EB15793E3F583D9D2F6DD/core\core.a(Uart.cpp.o)
 .ARM.attributes
                0x00000112       0x30 C:\Users\Benchoff\AppData\Local\Temp\arduino\sketches\15697E12E11EB15793E3F583D9D2F6DD/core\core.a(cortex_handlers.c.o)
 .ARM.attributes
                0x00000142       0x30 C:\Users\Benchoff\AppData\Local\Temp\arduino\sketches\15697E12E11EB15793E3F583D9D2F6DD/core\core.a(delay.c.o)
 .ARM.attributes
                0x00000172       0x30 C:\Users\Benchoff\AppData\Local\Temp\arduino\sketches\15697E12E11EB15793E3F583D9D2F6DD/core\core.a(hooks.c.o)
 .ARM.attributes
                0x000001a2       0x30 C:\Users\Benchoff\AppData\Local\Temp\arduino\sketches\15697E12E11EB15793E3F583D9D2F6DD/core\core.a(main.cpp.o)
 .ARM.attributes
                0x000001d2       0x30 C:\Users\Benchoff\AppData\Local\Temp\arduino\sketches\15697E12E11EB15793E3F583D9D2F6DD/core\core.a(startup.c.o)
 .ARM.attributes
                0x00000202       0x30 C:\Users\Benchoff\AppData\Local\Temp\arduino\sketches\15697E12E11EB15793E3F583D9D2F6DD/core\core.a(wiring.c.o)
 .ARM.attributes
                0x00000232       0x30 C:\Users\Benchoff\AppData\Local\Temp\arduino\sketches\15697E12E11EB15793E3F583D9D2F6DD/core\core.a(wiring_analog.c.o)
 .ARM.attributes
                0x00000262       0x30 C:\Users\Benchoff\AppData\Local\Temp\arduino\sketches\15697E12E11EB15793E3F583D9D2F6DD/core\core.a(wiring_digital.c.o)
 .ARM.attributes
                0x00000292       0x30 C:\Users\Benchoff\AppData\Local\Temp\arduino\sketches\15697E12E11EB15793E3F583D9D2F6DD/core\core.a(wiring_private.c.o)
 .ARM.attributes
                0x000002c2       0x30 C:\Users\Benchoff\AppData\Local\Temp\arduino\sketches\15697E12E11EB15793E3F583D9D2F6DD/core\core.a(wiring_shift.c.o)
 .ARM.attributes
                0x000002f2       0x30 C:\Users\Benchoff\AppData\Local\Temp\arduino\sketches\15697E12E11EB15793E3F583D9D2F6DD/core\core.a(Print.cpp.o)
 .ARM.attributes
                0x00000322       0x30 C:\Users\Benchoff\AppData\Local\Temp\arduino\sketches\15697E12E11EB15793E3F583D9D2F6DD/core\core.a(Reset.cpp.o)
 .ARM.attributes
                0x00000352       0x30 C:\Users\Benchoff\AppData\Local\Temp\arduino\sketches\15697E12E11EB15793E3F583D9D2F6DD/core\core.a(USBCore.cpp.o)
 .ARM.attributes
                0x00000382       0x30 C:\Users\Benchoff\AppData\Local\Temp\arduino\sketches\15697E12E11EB15793E3F583D9D2F6DD/core\core.a(new.cpp.o)
 .ARM.attributes
                0x000003b2       0x30 C:\Users\Benchoff\AppData\Local\Temp\arduino\sketches\15697E12E11EB15793E3F583D9D2F6DD/core\core.a(CDC.cpp.o)
 .ARM.attributes
                0x000003e2       0x30 C:\Users\Benchoff\AppData\Local\Temp\arduino\sketches\15697E12E11EB15793E3F583D9D2F6DD/core\core.a(PluggableUSB.cpp.o)
 .ARM.attributes
                0x00000412       0x30 C:\Users\Benchoff\AppData\Local\Temp\arduino\sketches\15697E12E11EB15793E3F583D9D2F6DD/core\core.a(SAMD21_USBDevice.cpp.o)
 .ARM.attributes
                0x00000442       0x32 c:/users/benchoff/appdata/local/arduino15/packages/adafruit/tools/arm-none-eabi-gcc/9-2019q4/bin/../lib/gcc/arm-none-eabi/9.2.1/../../../../arm-none-eabi/lib/thumb/v7e-m+fp/hard\libc_nano.a(lib_a-impure.o)
 .ARM.attributes
                0x00000474       0x34 c:/users/benchoff/appdata/local/arduino15/packages/adafruit/tools/arm-none-eabi-gcc/9-2019q4/bin/../lib/gcc/arm-none-eabi/9.2.1/../../../../arm-none-eabi/lib/thumb/v7e-m+fp/hard\libc_nano.a(lib_a-init.o)
 .ARM.attributes
                0x000004a8       0x34 c:/users/benchoff/appdata/local/arduino15/packages/adafruit/tools/arm-none-eabi-gcc/9-2019q4/bin/../lib/gcc/arm-none-eabi/9.2.1/../../../../arm-none-eabi/lib/thumb/v7e-m+fp/hard\libc_nano.a(lib_a-malloc.o)
 .ARM.attributes
                0x000004dc       0x34 c:/users/benchoff/appdata/local/arduino15/packages/adafruit/tools/arm-none-eabi-gcc/9-2019q4/bin/../lib/gcc/arm-none-eabi/9.2.1/../../../../arm-none-eabi/lib/thumb/v7e-m+fp/hard\libc_nano.a(lib_a-memcpy-stub.o)
 .ARM.attributes
                0x00000510       0x34 c:/users/benchoff/appdata/local/arduino15/packages/adafruit/tools/arm-none-eabi-gcc/9-2019q4/bin/../lib/gcc/arm-none-eabi/9.2.1/../../../../arm-none-eabi/lib/thumb/v7e-m+fp/hard\libc_nano.a(lib_a-memset.o)
 .ARM.attributes
                0x00000544       0x34 c:/users/benchoff/appdata/local/arduino15/packages/adafruit/tools/arm-none-eabi-gcc/9-2019q4/bin/../lib/gcc/arm-none-eabi/9.2.1/../../../../arm-none-eabi/lib/thumb/v7e-m+fp/hard\libc_nano.a(lib_a-nano-freer.o)
 .ARM.attributes
                0x00000578       0x34 c:/users/benchoff/appdata/local/arduino15/packages/adafruit/tools/arm-none-eabi-gcc/9-2019q4/bin/../lib/gcc/arm-none-eabi/9.2.1/../../../../arm-none-eabi/lib/thumb/v7e-m+fp/hard\libc_nano.a(lib_a-nano-mallocr.o)
 .ARM.attributes
                0x000005ac       0x34 c:/users/benchoff/appdata/local/arduino15/packages/adafruit/tools/arm-none-eabi-gcc/9-2019q4/bin/../lib/gcc/arm-none-eabi/9.2.1/../../../../arm-none-eabi/lib/thumb/v7e-m+fp/hard\libc_nano.a(lib_a-sbrkr.o)
 .ARM.attributes
                0x000005e0       0x17 c:/users/benchoff/appdata/local/arduino15/packages/adafruit/tools/arm-none-eabi-gcc/9-2019q4/bin/../lib/gcc/arm-none-eabi/9.2.1/../../../../arm-none-eabi/lib/thumb/v7e-m+fp/hard\libc_nano.a(lib_a-strlen.o)
 .ARM.attributes
                0x000005f7       0x34 c:/users/benchoff/appdata/local/arduino15/packages/adafruit/tools/arm-none-eabi-gcc/9-2019q4/bin/../lib/gcc/arm-none-eabi/9.2.1/../../../../arm-none-eabi/lib/thumb/v7e-m+fp/hard\libc_nano.a(lib_a-mlock.o)
 .ARM.attributes
                0x0000062b       0x34 c:/users/benchoff/appdata/local/arduino15/packages/adafruit/tools/arm-none-eabi-gcc/9-2019q4/bin/../lib/gcc/arm-none-eabi/9.2.1/../../../../arm-none-eabi/lib/thumb/v7e-m+fp/hard\libc_nano.a(lib_a-reent.o)
 .ARM.attributes
                0x0000065f       0x34 c:/users/benchoff/appdata/local/arduino15/packages/adafruit/tools/arm-none-eabi-gcc/9-2019q4/bin/../lib/gcc/arm-none-eabi/9.2.1/../../../../arm-none-eabi/lib/thumb/v7e-m+fp/hard\libc_nano.a(lib_a-lock.o)
 .ARM.attributes
                0x00000693       0x34 c:/users/benchoff/appdata/local/arduino15/packages/adafruit/tools/arm-none-eabi-gcc/9-2019q4/bin/../lib/gcc/arm-none-eabi/9.2.1/../../../../arm-none-eabi/lib/thumb/v7e-m+fp/hard\libnosys.a(sbrk.o)
 .ARM.attributes
                0x000006c7       0x32 c:/users/benchoff/appdata/local/arduino15/packages/adafruit/tools/arm-none-eabi-gcc/9-2019q4/bin/../lib/gcc/arm-none-eabi/9.2.1/thumb/v7e-m+fp/hard/crtend.o
 .ARM.attributes
                0x000006f9       0x1e c:/users/benchoff/appdata/local/arduino15/packages/adafruit/tools/arm-none-eabi-gcc/9-2019q4/bin/../lib/gcc/arm-none-eabi/9.2.1/thumb/v7e-m+fp/hard/crtn.o

.comment        0x00000000       0x79
 .comment       0x00000000       0x79 C:\Users\Benchoff\AppData\Local\Temp\arduino\sketches\15697E12E11EB15793E3F583D9D2F6DD\sketch\ShifterKnob.ino.cpp.o
                                 0x7a (size before relaxing)
 .comment       0x00000079       0x7a C:\Users\Benchoff\AppData\Local\Temp\arduino\sketches\15697E12E11EB15793E3F583D9D2F6DD\core\variant.cpp.o
 .comment       0x00000079       0x7a C:\Users\Benchoff\AppData\Local\Temp\arduino\sketches\15697E12E11EB15793E3F583D9D2F6DD/core\core.a(SERCOM.cpp.o)
 .comment       0x00000079       0x7a C:\Users\Benchoff\AppData\Local\Temp\arduino\sketches\15697E12E11EB15793E3F583D9D2F6DD/core\core.a(Uart.cpp.o)
 .comment       0x00000079       0x7a C:\Users\Benchoff\AppData\Local\Temp\arduino\sketches\15697E12E11EB15793E3F583D9D2F6DD/core\core.a(cortex_handlers.c.o)
 .comment       0x00000079       0x7a C:\Users\Benchoff\AppData\Local\Temp\arduino\sketches\15697E12E11EB15793E3F583D9D2F6DD/core\core.a(delay.c.o)
 .comment       0x00000079       0x7a C:\Users\Benchoff\AppData\Local\Temp\arduino\sketches\15697E12E11EB15793E3F583D9D2F6DD/core\core.a(hooks.c.o)
 .comment       0x00000079       0x7a C:\Users\Benchoff\AppData\Local\Temp\arduino\sketches\15697E12E11EB15793E3F583D9D2F6DD/core\core.a(main.cpp.o)
 .comment       0x00000079       0x7a C:\Users\Benchoff\AppData\Local\Temp\arduino\sketches\15697E12E11EB15793E3F583D9D2F6DD/core\core.a(startup.c.o)
 .comment       0x00000079       0x7a C:\Users\Benchoff\AppData\Local\Temp\arduino\sketches\15697E12E11EB15793E3F583D9D2F6DD/core\core.a(wiring.c.o)
 .comment       0x00000079       0x7a C:\Users\Benchoff\AppData\Local\Temp\arduino\sketches\15697E12E11EB15793E3F583D9D2F6DD/core\core.a(wiring_analog.c.o)
 .comment       0x00000079       0x7a C:\Users\Benchoff\AppData\Local\Temp\arduino\sketches\15697E12E11EB15793E3F583D9D2F6DD/core\core.a(wiring_digital.c.o)
 .comment       0x00000079       0x7a C:\Users\Benchoff\AppData\Local\Temp\arduino\sketches\15697E12E11EB15793E3F583D9D2F6DD/core\core.a(wiring_private.c.o)
 .comment       0x00000079       0x7a C:\Users\Benchoff\AppData\Local\Temp\arduino\sketches\15697E12E11EB15793E3F583D9D2F6DD/core\core.a(wiring_shift.c.o)
 .comment       0x00000079       0x7a C:\Users\Benchoff\AppData\Local\Temp\arduino\sketches\15697E12E11EB15793E3F583D9D2F6DD/core\core.a(Print.cpp.o)
 .comment       0x00000079       0x7a C:\Users\Benchoff\AppData\Local\Temp\arduino\sketches\15697E12E11EB15793E3F583D9D2F6DD/core\core.a(Reset.cpp.o)
 .comment       0x00000079       0x7a C:\Users\Benchoff\AppData\Local\Temp\arduino\sketches\15697E12E11EB15793E3F583D9D2F6DD/core\core.a(USBCore.cpp.o)
 .comment       0x00000079       0x7a C:\Users\Benchoff\AppData\Local\Temp\arduino\sketches\15697E12E11EB15793E3F583D9D2F6DD/core\core.a(new.cpp.o)
 .comment       0x00000079       0x7a C:\Users\Benchoff\AppData\Local\Temp\arduino\sketches\15697E12E11EB15793E3F583D9D2F6DD/core\core.a(CDC.cpp.o)
 .comment       0x00000079       0x7a C:\Users\Benchoff\AppData\Local\Temp\arduino\sketches\15697E12E11EB15793E3F583D9D2F6DD/core\core.a(PluggableUSB.cpp.o)
 .comment       0x00000079       0x7a C:\Users\Benchoff\AppData\Local\Temp\arduino\sketches\15697E12E11EB15793E3F583D9D2F6DD/core\core.a(SAMD21_USBDevice.cpp.o)

.debug_info     0x00000000    0x84d08
 .debug_info    0x00000000     0x6e54 C:\Users\Benchoff\AppData\Local\Temp\arduino\sketches\15697E12E11EB15793E3F583D9D2F6DD\sketch\ShifterKnob.ino.cpp.o
 .debug_info    0x00006e54     0x9dac C:\Users\Benchoff\AppData\Local\Temp\arduino\sketches\15697E12E11EB15793E3F583D9D2F6DD\core\variant.cpp.o
 .debug_info    0x00010c00     0x8c7a C:\Users\Benchoff\AppData\Local\Temp\arduino\sketches\15697E12E11EB15793E3F583D9D2F6DD/core\core.a(SERCOM.cpp.o)
 .debug_info    0x0001987a     0xa93c C:\Users\Benchoff\AppData\Local\Temp\arduino\sketches\15697E12E11EB15793E3F583D9D2F6DD/core\core.a(Uart.cpp.o)
 .debug_info    0x000241b6     0x1b40 C:\Users\Benchoff\AppData\Local\Temp\arduino\sketches\15697E12E11EB15793E3F583D9D2F6DD/core\core.a(cortex_handlers.c.o)
 .debug_info    0x00025cf6     0x18eb C:\Users\Benchoff\AppData\Local\Temp\arduino\sketches\15697E12E11EB15793E3F583D9D2F6DD/core\core.a(delay.c.o)
 .debug_info    0x000275e1       0x67 C:\Users\Benchoff\AppData\Local\Temp\arduino\sketches\15697E12E11EB15793E3F583D9D2F6DD/core\core.a(hooks.c.o)
 .debug_info    0x00027648     0x6d98 C:\Users\Benchoff\AppData\Local\Temp\arduino\sketches\15697E12E11EB15793E3F583D9D2F6DD/core\core.a(main.cpp.o)
 .debug_info    0x0002e3e0     0x7b19 C:\Users\Benchoff\AppData\Local\Temp\arduino\sketches\15697E12E11EB15793E3F583D9D2F6DD/core\core.a(startup.c.o)
 .debug_info    0x00035ef9     0x3eda C:\Users\Benchoff\AppData\Local\Temp\arduino\sketches\15697E12E11EB15793E3F583D9D2F6DD/core\core.a(wiring.c.o)
 .debug_info    0x00039dd3     0x67ca C:\Users\Benchoff\AppData\Local\Temp\arduino\sketches\15697E12E11EB15793E3F583D9D2F6DD/core\core.a(wiring_analog.c.o)
 .debug_info    0x0004059d     0x1b16 C:\Users\Benchoff\AppData\Local\Temp\arduino\sketches\15697E12E11EB15793E3F583D9D2F6DD/core\core.a(wiring_digital.c.o)
 .debug_info    0x000420b3     0x1acb C:\Users\Benchoff\AppData\Local\Temp\arduino\sketches\15697E12E11EB15793E3F583D9D2F6DD/core\core.a(wiring_private.c.o)
 .debug_info    0x00043b7e     0x1014 C:\Users\Benchoff\AppData\Local\Temp\arduino\sketches\15697E12E11EB15793E3F583D9D2F6DD/core\core.a(wiring_shift.c.o)
 .debug_info    0x00044b92     0xb4be C:\Users\Benchoff\AppData\Local\Temp\arduino\sketches\15697E12E11EB15793E3F583D9D2F6DD/core\core.a(Print.cpp.o)
 .debug_info    0x00050050     0x6f67 C:\Users\Benchoff\AppData\Local\Temp\arduino\sketches\15697E12E11EB15793E3F583D9D2F6DD/core\core.a(Reset.cpp.o)
 .debug_info    0x00056fb7    0x139ed C:\Users\Benchoff\AppData\Local\Temp\arduino\sketches\15697E12E11EB15793E3F583D9D2F6DD/core\core.a(USBCore.cpp.o)
 .debug_info    0x0006a9a4     0x1111 C:\Users\Benchoff\AppData\Local\Temp\arduino\sketches\15697E12E11EB15793E3F583D9D2F6DD/core\core.a(new.cpp.o)
 .debug_info    0x0006bab5     0x956e C:\Users\Benchoff\AppData\Local\Temp\arduino\sketches\15697E12E11EB15793E3F583D9D2F6DD/core\core.a(CDC.cpp.o)
 .debug_info    0x00075023     0x7285 C:\Users\Benchoff\AppData\Local\Temp\arduino\sketches\15697E12E11EB15793E3F583D9D2F6DD/core\core.a(PluggableUSB.cpp.o)
 .debug_info    0x0007c2a8     0x8a60 C:\Users\Benchoff\AppData\Local\Temp\arduino\sketches\15697E12E11EB15793E3F583D9D2F6DD/core\core.a(SAMD21_USBDevice.cpp.o)

.debug_abbrev   0x00000000     0x80e9
 .debug_abbrev  0x00000000      0x6a3 C:\Users\Benchoff\AppData\Local\Temp\arduino\sketches\15697E12E11EB15793E3F583D9D2F6DD\sketch\ShifterKnob.ino.cpp.o
 .debug_abbrev  0x000006a3      0x78a C:\Users\Benchoff\AppData\Local\Temp\arduino\sketches\15697E12E11EB15793E3F583D9D2F6DD\core\variant.cpp.o
 .debug_abbrev  0x00000e2d      0x9a1 C:\Users\Benchoff\AppData\Local\Temp\arduino\sketches\15697E12E11EB15793E3F583D9D2F6DD/core\core.a(SERCOM.cpp.o)
 .debug_abbrev  0x000017ce      0xa3d C:\Users\Benchoff\AppData\Local\Temp\arduino\sketches\15697E12E11EB15793E3F583D9D2F6DD/core\core.a(Uart.cpp.o)
 .debug_abbrev  0x0000220b      0x391 C:\Users\Benchoff\AppData\Local\Temp\arduino\sketches\15697E12E11EB15793E3F583D9D2F6DD/core\core.a(cortex_handlers.c.o)
 .debug_abbrev  0x0000259c      0x38b C:\Users\Benchoff\AppData\Local\Temp\arduino\sketches\15697E12E11EB15793E3F583D9D2F6DD/core\core.a(delay.c.o)
 .debug_abbrev  0x00002927       0x4d C:\Users\Benchoff\AppData\Local\Temp\arduino\sketches\15697E12E11EB15793E3F583D9D2F6DD/core\core.a(hooks.c.o)
 .debug_abbrev  0x00002974      0x683 C:\Users\Benchoff\AppData\Local\Temp\arduino\sketches\15697E12E11EB15793E3F583D9D2F6DD/core\core.a(main.cpp.o)
 .debug_abbrev  0x00002ff7      0x34f C:\Users\Benchoff\AppData\Local\Temp\arduino\sketches\15697E12E11EB15793E3F583D9D2F6DD/core\core.a(startup.c.o)
 .debug_abbrev  0x00003346      0x3fd C:\Users\Benchoff\AppData\Local\Temp\arduino\sketches\15697E12E11EB15793E3F583D9D2F6DD/core\core.a(wiring.c.o)
 .debug_abbrev  0x00003743      0x4cf C:\Users\Benchoff\AppData\Local\Temp\arduino\sketches\15697E12E11EB15793E3F583D9D2F6DD/core\core.a(wiring_analog.c.o)
 .debug_abbrev  0x00003c12      0x389 C:\Users\Benchoff\AppData\Local\Temp\arduino\sketches\15697E12E11EB15793E3F583D9D2F6DD/core\core.a(wiring_digital.c.o)
 .debug_abbrev  0x00003f9b      0x361 C:\Users\Benchoff\AppData\Local\Temp\arduino\sketches\15697E12E11EB15793E3F583D9D2F6DD/core\core.a(wiring_private.c.o)
 .debug_abbrev  0x000042fc      0x2cb C:\Users\Benchoff\AppData\Local\Temp\arduino\sketches\15697E12E11EB15793E3F583D9D2F6DD/core\core.a(wiring_shift.c.o)
 .debug_abbrev  0x000045c7      0xab5 C:\Users\Benchoff\AppData\Local\Temp\arduino\sketches\15697E12E11EB15793E3F583D9D2F6DD/core\core.a(Print.cpp.o)
 .debug_abbrev  0x0000507c      0x716 C:\Users\Benchoff\AppData\Local\Temp\arduino\sketches\15697E12E11EB15793E3F583D9D2F6DD/core\core.a(Reset.cpp.o)
 .debug_abbrev  0x00005792      0xcf8 C:\Users\Benchoff\AppData\Local\Temp\arduino\sketches\15697E12E11EB15793E3F583D9D2F6DD/core\core.a(USBCore.cpp.o)
 .debug_abbrev  0x0000648a      0x353 C:\Users\Benchoff\AppData\Local\Temp\arduino\sketches\15697E12E11EB15793E3F583D9D2F6DD/core\core.a(new.cpp.o)
 .debug_abbrev  0x000067dd      0xabb C:\Users\Benchoff\AppData\Local\Temp\arduino\sketches\15697E12E11EB15793E3F583D9D2F6DD/core\core.a(CDC.cpp.o)
 .debug_abbrev  0x00007298      0x78f C:\Users\Benchoff\AppData\Local\Temp\arduino\sketches\15697E12E11EB15793E3F583D9D2F6DD/core\core.a(PluggableUSB.cpp.o)
 .debug_abbrev  0x00007a27      0x6c2 C:\Users\Benchoff\AppData\Local\Temp\arduino\sketches\15697E12E11EB15793E3F583D9D2F6DD/core\core.a(SAMD21_USBDevice.cpp.o)

.debug_loc      0x00000000    0x13323
 .debug_loc     0x00000000       0x16 C:\Users\Benchoff\AppData\Local\Temp\arduino\sketches\15697E12E11EB15793E3F583D9D2F6DD\sketch\ShifterKnob.ino.cpp.o
 .debug_loc     0x00000016       0x2e C:\Users\Benchoff\AppData\Local\Temp\arduino\sketches\15697E12E11EB15793E3F583D9D2F6DD\core\variant.cpp.o
 .debug_loc     0x00000044     0x1560 C:\Users\Benchoff\AppData\Local\Temp\arduino\sketches\15697E12E11EB15793E3F583D9D2F6DD/core\core.a(SERCOM.cpp.o)
 .debug_loc     0x000015a4      0xf05 C:\Users\Benchoff\AppData\Local\Temp\arduino\sketches\15697E12E11EB15793E3F583D9D2F6DD/core\core.a(Uart.cpp.o)
 .debug_loc     0x000024a9       0x2a C:\Users\Benchoff\AppData\Local\Temp\arduino\sketches\15697E12E11EB15793E3F583D9D2F6DD/core\core.a(cortex_handlers.c.o)
 .debug_loc     0x000024d3      0x417 C:\Users\Benchoff\AppData\Local\Temp\arduino\sketches\15697E12E11EB15793E3F583D9D2F6DD/core\core.a(delay.c.o)
 .debug_loc     0x000028ea      0x171 C:\Users\Benchoff\AppData\Local\Temp\arduino\sketches\15697E12E11EB15793E3F583D9D2F6DD/core\core.a(startup.c.o)
 .debug_loc     0x00002a5b       0x95 C:\Users\Benchoff\AppData\Local\Temp\arduino\sketches\15697E12E11EB15793E3F583D9D2F6DD/core\core.a(wiring.c.o)
 .debug_loc     0x00002af0      0x6a5 C:\Users\Benchoff\AppData\Local\Temp\arduino\sketches\15697E12E11EB15793E3F583D9D2F6DD/core\core.a(wiring_analog.c.o)
 .debug_loc     0x00003195      0x1bc C:\Users\Benchoff\AppData\Local\Temp\arduino\sketches\15697E12E11EB15793E3F583D9D2F6DD/core\core.a(wiring_digital.c.o)
 .debug_loc     0x00003351      0x1cf C:\Users\Benchoff\AppData\Local\Temp\arduino\sketches\15697E12E11EB15793E3F583D9D2F6DD/core\core.a(wiring_private.c.o)
 .debug_loc     0x00003520      0x272 C:\Users\Benchoff\AppData\Local\Temp\arduino\sketches\15697E12E11EB15793E3F583D9D2F6DD/core\core.a(wiring_shift.c.o)
 .debug_loc     0x00003792     0x5cb7 C:\Users\Benchoff\AppData\Local\Temp\arduino\sketches\15697E12E11EB15793E3F583D9D2F6DD/core\core.a(Print.cpp.o)
 .debug_loc     0x00009449     0x90d4 C:\Users\Benchoff\AppData\Local\Temp\arduino\sketches\15697E12E11EB15793E3F583D9D2F6DD/core\core.a(USBCore.cpp.o)
 .debug_loc     0x0001251d       0x4a C:\Users\Benchoff\AppData\Local\Temp\arduino\sketches\15697E12E11EB15793E3F583D9D2F6DD/core\core.a(new.cpp.o)
 .debug_loc     0x00012567      0x912 C:\Users\Benchoff\AppData\Local\Temp\arduino\sketches\15697E12E11EB15793E3F583D9D2F6DD/core\core.a(CDC.cpp.o)
 .debug_loc     0x00012e79      0x3dc C:\Users\Benchoff\AppData\Local\Temp\arduino\sketches\15697E12E11EB15793E3F583D9D2F6DD/core\core.a(PluggableUSB.cpp.o)
 .debug_loc     0x00013255       0xce C:\Users\Benchoff\AppData\Local\Temp\arduino\sketches\15697E12E11EB15793E3F583D9D2F6DD/core\core.a(SAMD21_USBDevice.cpp.o)

.debug_aranges  0x00000000      0x908
 .debug_aranges
                0x00000000       0x28 C:\Users\Benchoff\AppData\Local\Temp\arduino\sketches\15697E12E11EB15793E3F583D9D2F6DD\sketch\ShifterKnob.ino.cpp.o
 .debug_aranges
                0x00000028       0x30 C:\Users\Benchoff\AppData\Local\Temp\arduino\sketches\15697E12E11EB15793E3F583D9D2F6DD\core\variant.cpp.o
 .debug_aranges
                0x00000058      0x208 C:\Users\Benchoff\AppData\Local\Temp\arduino\sketches\15697E12E11EB15793E3F583D9D2F6DD/core\core.a(SERCOM.cpp.o)
 .debug_aranges
                0x00000260       0x98 C:\Users\Benchoff\AppData\Local\Temp\arduino\sketches\15697E12E11EB15793E3F583D9D2F6DD/core\core.a(Uart.cpp.o)
 .debug_aranges
                0x000002f8       0x40 C:\Users\Benchoff\AppData\Local\Temp\arduino\sketches\15697E12E11EB15793E3F583D9D2F6DD/core\core.a(cortex_handlers.c.o)
 .debug_aranges
                0x00000338       0x40 C:\Users\Benchoff\AppData\Local\Temp\arduino\sketches\15697E12E11EB15793E3F583D9D2F6DD/core\core.a(delay.c.o)
 .debug_aranges
                0x00000378       0x30 C:\Users\Benchoff\AppData\Local\Temp\arduino\sketches\15697E12E11EB15793E3F583D9D2F6DD/core\core.a(hooks.c.o)
 .debug_aranges
                0x000003a8       0x28 C:\Users\Benchoff\AppData\Local\Temp\arduino\sketches\15697E12E11EB15793E3F583D9D2F6DD/core\core.a(main.cpp.o)
 .debug_aranges
                0x000003d0       0x20 C:\Users\Benchoff\AppData\Local\Temp\arduino\sketches\15697E12E11EB15793E3F583D9D2F6DD/core\core.a(startup.c.o)
 .debug_aranges
                0x000003f0       0x20 C:\Users\Benchoff\AppData\Local\Temp\arduino\sketches\15697E12E11EB15793E3F583D9D2F6DD/core\core.a(wiring.c.o)
 .debug_aranges
                0x00000410       0x40 C:\Users\Benchoff\AppData\Local\Temp\arduino\sketches\15697E12E11EB15793E3F583D9D2F6DD/core\core.a(wiring_analog.c.o)
 .debug_aranges
                0x00000450       0x30 C:\Users\Benchoff\AppData\Local\Temp\arduino\sketches\15697E12E11EB15793E3F583D9D2F6DD/core\core.a(wiring_digital.c.o)
 .debug_aranges
                0x00000480       0x20 C:\Users\Benchoff\AppData\Local\Temp\arduino\sketches\15697E12E11EB15793E3F583D9D2F6DD/core\core.a(wiring_private.c.o)
 .debug_aranges
                0x000004a0       0x28 C:\Users\Benchoff\AppData\Local\Temp\arduino\sketches\15697E12E11EB15793E3F583D9D2F6DD/core\core.a(wiring_shift.c.o)
 .debug_aranges
                0x000004c8      0x130 C:\Users\Benchoff\AppData\Local\Temp\arduino\sketches\15697E12E11EB15793E3F583D9D2F6DD/core\core.a(Print.cpp.o)
 .debug_aranges
                0x000005f8       0x30 C:\Users\Benchoff\AppData\Local\Temp\arduino\sketches\15697E12E11EB15793E3F583D9D2F6DD/core\core.a(Reset.cpp.o)
 .debug_aranges
                0x00000628      0x160 C:\Users\Benchoff\AppData\Local\Temp\arduino\sketches\15697E12E11EB15793E3F583D9D2F6DD/core\core.a(USBCore.cpp.o)
 .debug_aranges
                0x00000788       0x28 C:\Users\Benchoff\AppData\Local\Temp\arduino\sketches\15697E12E11EB15793E3F583D9D2F6DD/core\core.a(new.cpp.o)
 .debug_aranges
                0x000007b0       0xd8 C:\Users\Benchoff\AppData\Local\Temp\arduino\sketches\15697E12E11EB15793E3F583D9D2F6DD/core\core.a(CDC.cpp.o)
 .debug_aranges
                0x00000888       0x58 C:\Users\Benchoff\AppData\Local\Temp\arduino\sketches\15697E12E11EB15793E3F583D9D2F6DD/core\core.a(PluggableUSB.cpp.o)
 .debug_aranges
                0x000008e0       0x28 C:\Users\Benchoff\AppData\Local\Temp\arduino\sketches\15697E12E11EB15793E3F583D9D2F6DD/core\core.a(SAMD21_USBDevice.cpp.o)

.debug_ranges   0x00000000     0x4808
 .debug_ranges  0x00000000       0x30 C:\Users\Benchoff\AppData\Local\Temp\arduino\sketches\15697E12E11EB15793E3F583D9D2F6DD\sketch\ShifterKnob.ino.cpp.o
 .debug_ranges  0x00000030       0x40 C:\Users\Benchoff\AppData\Local\Temp\arduino\sketches\15697E12E11EB15793E3F583D9D2F6DD\core\variant.cpp.o
 .debug_ranges  0x00000070      0x4d0 C:\Users\Benchoff\AppData\Local\Temp\arduino\sketches\15697E12E11EB15793E3F583D9D2F6DD/core\core.a(SERCOM.cpp.o)
 .debug_ranges  0x00000540      0x478 C:\Users\Benchoff\AppData\Local\Temp\arduino\sketches\15697E12E11EB15793E3F583D9D2F6DD/core\core.a(Uart.cpp.o)
 .debug_ranges  0x000009b8       0x30 C:\Users\Benchoff\AppData\Local\Temp\arduino\sketches\15697E12E11EB15793E3F583D9D2F6DD/core\core.a(cortex_handlers.c.o)
 .debug_ranges  0x000009e8       0x98 C:\Users\Benchoff\AppData\Local\Temp\arduino\sketches\15697E12E11EB15793E3F583D9D2F6DD/core\core.a(delay.c.o)
 .debug_ranges  0x00000a80       0x20 C:\Users\Benchoff\AppData\Local\Temp\arduino\sketches\15697E12E11EB15793E3F583D9D2F6DD/core\core.a(hooks.c.o)
 .debug_ranges  0x00000aa0       0x18 C:\Users\Benchoff\AppData\Local\Temp\arduino\sketches\15697E12E11EB15793E3F583D9D2F6DD/core\core.a(main.cpp.o)
 .debug_ranges  0x00000ab8       0x10 C:\Users\Benchoff\AppData\Local\Temp\arduino\sketches\15697E12E11EB15793E3F583D9D2F6DD/core\core.a(startup.c.o)
 .debug_ranges  0x00000ac8       0x88 C:\Users\Benchoff\AppData\Local\Temp\arduino\sketches\15697E12E11EB15793E3F583D9D2F6DD/core\core.a(wiring.c.o)
 .debug_ranges  0x00000b50       0xb8 C:\Users\Benchoff\AppData\Local\Temp\arduino\sketches\15697E12E11EB15793E3F583D9D2F6DD/core\core.a(wiring_analog.c.o)
 .debug_ranges  0x00000c08       0x20 C:\Users\Benchoff\AppData\Local\Temp\arduino\sketches\15697E12E11EB15793E3F583D9D2F6DD/core\core.a(wiring_digital.c.o)
 .debug_ranges  0x00000c28       0x10 C:\Users\Benchoff\AppData\Local\Temp\arduino\sketches\15697E12E11EB15793E3F583D9D2F6DD/core\core.a(wiring_private.c.o)
 .debug_ranges  0x00000c38       0x18 C:\Users\Benchoff\AppData\Local\Temp\arduino\sketches\15697E12E11EB15793E3F583D9D2F6DD/core\core.a(wiring_shift.c.o)
 .debug_ranges  0x00000c50      0xe18 C:\Users\Benchoff\AppData\Local\Temp\arduino\sketches\15697E12E11EB15793E3F583D9D2F6DD/core\core.a(Print.cpp.o)
 .debug_ranges  0x00001a68       0x20 C:\Users\Benchoff\AppData\Local\Temp\arduino\sketches\15697E12E11EB15793E3F583D9D2F6DD/core\core.a(Reset.cpp.o)
 .debug_ranges  0x00001a88     0x2b10 C:\Users\Benchoff\AppData\Local\Temp\arduino\sketches\15697E12E11EB15793E3F583D9D2F6DD/core\core.a(USBCore.cpp.o)
 .debug_ranges  0x00004598       0x18 C:\Users\Benchoff\AppData\Local\Temp\arduino\sketches\15697E12E11EB15793E3F583D9D2F6DD/core\core.a(new.cpp.o)
 .debug_ranges  0x000045b0      0x188 C:\Users\Benchoff\AppData\Local\Temp\arduino\sketches\15697E12E11EB15793E3F583D9D2F6DD/core\core.a(CDC.cpp.o)
 .debug_ranges  0x00004738       0xb8 C:\Users\Benchoff\AppData\Local\Temp\arduino\sketches\15697E12E11EB15793E3F583D9D2F6DD/core\core.a(PluggableUSB.cpp.o)
 .debug_ranges  0x000047f0       0x18 C:\Users\Benchoff\AppData\Local\Temp\arduino\sketches\15697E12E11EB15793E3F583D9D2F6DD/core\core.a(SAMD21_USBDevice.cpp.o)

.debug_line     0x00000000    0x13051
 .debug_line    0x00000000      0x92d C:\Users\Benchoff\AppData\Local\Temp\arduino\sketches\15697E12E11EB15793E3F583D9D2F6DD\sketch\ShifterKnob.ino.cpp.o
 .debug_line    0x0000092d      0x873 C:\Users\Benchoff\AppData\Local\Temp\arduino\sketches\15697E12E11EB15793E3F583D9D2F6DD\core\variant.cpp.o
 .debug_line    0x000011a0     0x1c40 C:\Users\Benchoff\AppData\Local\Temp\arduino\sketches\15697E12E11EB15793E3F583D9D2F6DD/core\core.a(SERCOM.cpp.o)
 .debug_line    0x00002de0     0x11d3 C:\Users\Benchoff\AppData\Local\Temp\arduino\sketches\15697E12E11EB15793E3F583D9D2F6DD/core\core.a(Uart.cpp.o)
 .debug_line    0x00003fb3      0x545 C:\Users\Benchoff\AppData\Local\Temp\arduino\sketches\15697E12E11EB15793E3F583D9D2F6DD/core\core.a(cortex_handlers.c.o)
 .debug_line    0x000044f8      0x818 C:\Users\Benchoff\AppData\Local\Temp\arduino\sketches\15697E12E11EB15793E3F583D9D2F6DD/core\core.a(delay.c.o)
 .debug_line    0x00004d10       0xd9 C:\Users\Benchoff\AppData\Local\Temp\arduino\sketches\15697E12E11EB15793E3F583D9D2F6DD/core\core.a(hooks.c.o)
 .debug_line    0x00004de9      0x8a6 C:\Users\Benchoff\AppData\Local\Temp\arduino\sketches\15697E12E11EB15793E3F583D9D2F6DD/core\core.a(main.cpp.o)
 .debug_line    0x0000568f      0x99a C:\Users\Benchoff\AppData\Local\Temp\arduino\sketches\15697E12E11EB15793E3F583D9D2F6DD/core\core.a(startup.c.o)
 .debug_line    0x00006029      0x84a C:\Users\Benchoff\AppData\Local\Temp\arduino\sketches\15697E12E11EB15793E3F583D9D2F6DD/core\core.a(wiring.c.o)
 .debug_line    0x00006873     0x1282 C:\Users\Benchoff\AppData\Local\Temp\arduino\sketches\15697E12E11EB15793E3F583D9D2F6DD/core\core.a(wiring_analog.c.o)
 .debug_line    0x00007af5      0x704 C:\Users\Benchoff\AppData\Local\Temp\arduino\sketches\15697E12E11EB15793E3F583D9D2F6DD/core\core.a(wiring_digital.c.o)
 .debug_line    0x000081f9      0x682 C:\Users\Benchoff\AppData\Local\Temp\arduino\sketches\15697E12E11EB15793E3F583D9D2F6DD/core\core.a(wiring_private.c.o)
 .debug_line    0x0000887b      0x47e C:\Users\Benchoff\AppData\Local\Temp\arduino\sketches\15697E12E11EB15793E3F583D9D2F6DD/core\core.a(wiring_shift.c.o)
 .debug_line    0x00008cf9     0x214a C:\Users\Benchoff\AppData\Local\Temp\arduino\sketches\15697E12E11EB15793E3F583D9D2F6DD/core\core.a(Print.cpp.o)
 .debug_line    0x0000ae43      0x8bf C:\Users\Benchoff\AppData\Local\Temp\arduino\sketches\15697E12E11EB15793E3F583D9D2F6DD/core\core.a(Reset.cpp.o)
 .debug_line    0x0000b702     0x5419 C:\Users\Benchoff\AppData\Local\Temp\arduino\sketches\15697E12E11EB15793E3F583D9D2F6DD/core\core.a(USBCore.cpp.o)
 .debug_line    0x00010b1b      0x43d C:\Users\Benchoff\AppData\Local\Temp\arduino\sketches\15697E12E11EB15793E3F583D9D2F6DD/core\core.a(new.cpp.o)
 .debug_line    0x00010f58      0xda6 C:\Users\Benchoff\AppData\Local\Temp\arduino\sketches\15697E12E11EB15793E3F583D9D2F6DD/core\core.a(CDC.cpp.o)
 .debug_line    0x00011cfe      0xac4 C:\Users\Benchoff\AppData\Local\Temp\arduino\sketches\15697E12E11EB15793E3F583D9D2F6DD/core\core.a(PluggableUSB.cpp.o)
 .debug_line    0x000127c2      0x88f C:\Users\Benchoff\AppData\Local\Temp\arduino\sketches\15697E12E11EB15793E3F583D9D2F6DD/core\core.a(SAMD21_USBDevice.cpp.o)

.debug_str      0x00000000     0xbe9a
 .debug_str     0x00000000     0x3a55 C:\Users\Benchoff\AppData\Local\Temp\arduino\sketches\15697E12E11EB15793E3F583D9D2F6DD\sketch\ShifterKnob.ino.cpp.o
                               0x438d (size before relaxing)
 .debug_str     0x00003a55      0x9d6 C:\Users\Benchoff\AppData\Local\Temp\arduino\sketches\15697E12E11EB15793E3F583D9D2F6DD\core\variant.cpp.o
                               0x4ffa (size before relaxing)
 .debug_str     0x0000442b      0xa4d C:\Users\Benchoff\AppData\Local\Temp\arduino\sketches\15697E12E11EB15793E3F583D9D2F6DD/core\core.a(SERCOM.cpp.o)
                               0x4dcd (size before relaxing)
 .debug_str     0x00004e78     0x182c C:\Users\Benchoff\AppData\Local\Temp\arduino\sketches\15697E12E11EB15793E3F583D9D2F6DD/core\core.a(Uart.cpp.o)
                               0x6425 (size before relaxing)
 .debug_str     0x000066a4      0xce2 C:\Users\Benchoff\AppData\Local\Temp\arduino\sketches\15697E12E11EB15793E3F583D9D2F6DD/core\core.a(cortex_handlers.c.o)
                               0x18ec (size before relaxing)
 .debug_str     0x00007386      0x186 C:\Users\Benchoff\AppData\Local\Temp\arduino\sketches\15697E12E11EB15793E3F583D9D2F6DD/core\core.a(delay.c.o)
                               0x1052 (size before relaxing)
 .debug_str     0x0000750c       0x7e C:\Users\Benchoff\AppData\Local\Temp\arduino\sketches\15697E12E11EB15793E3F583D9D2F6DD/core\core.a(hooks.c.o)
                                0x194 (size before relaxing)
 .debug_str     0x0000758a       0x9d C:\Users\Benchoff\AppData\Local\Temp\arduino\sketches\15697E12E11EB15793E3F583D9D2F6DD/core\core.a(main.cpp.o)
                               0x4373 (size before relaxing)
 .debug_str     0x00007627     0x1364 C:\Users\Benchoff\AppData\Local\Temp\arduino\sketches\15697E12E11EB15793E3F583D9D2F6DD/core\core.a(startup.c.o)
                               0x27a3 (size before relaxing)
 .debug_str     0x0000898b      0x2fc C:\Users\Benchoff\AppData\Local\Temp\arduino\sketches\15697E12E11EB15793E3F583D9D2F6DD/core\core.a(wiring.c.o)
                               0x2037 (size before relaxing)
 .debug_str     0x00008c87      0x14c C:\Users\Benchoff\AppData\Local\Temp\arduino\sketches\15697E12E11EB15793E3F583D9D2F6DD/core\core.a(wiring_analog.c.o)
                               0x20a1 (size before relaxing)
 .debug_str     0x00008dd3       0x96 C:\Users\Benchoff\AppData\Local\Temp\arduino\sketches\15697E12E11EB15793E3F583D9D2F6DD/core\core.a(wiring_digital.c.o)
                               0x10c6 (size before relaxing)
 .debug_str     0x00008e69       0x82 C:\Users\Benchoff\AppData\Local\Temp\arduino\sketches\15697E12E11EB15793E3F583D9D2F6DD/core\core.a(wiring_private.c.o)
                               0x10b3 (size before relaxing)
 .debug_str     0x00008eeb       0x96 C:\Users\Benchoff\AppData\Local\Temp\arduino\sketches\15697E12E11EB15793E3F583D9D2F6DD/core\core.a(wiring_shift.c.o)
                                0xce5 (size before relaxing)
 .debug_str     0x00008f81      0x4bc C:\Users\Benchoff\AppData\Local\Temp\arduino\sketches\15697E12E11EB15793E3F583D9D2F6DD/core\core.a(Print.cpp.o)
                               0x532f (size before relaxing)
 .debug_str     0x0000943d       0xb3 C:\Users\Benchoff\AppData\Local\Temp\arduino\sketches\15697E12E11EB15793E3F583D9D2F6DD/core\core.a(Reset.cpp.o)
                               0x43dc (size before relaxing)
 .debug_str     0x000094f0     0x2226 C:\Users\Benchoff\AppData\Local\Temp\arduino\sketches\15697E12E11EB15793E3F583D9D2F6DD/core\core.a(USBCore.cpp.o)
                               0x7be5 (size before relaxing)
 .debug_str     0x0000b716       0x97 C:\Users\Benchoff\AppData\Local\Temp\arduino\sketches\15697E12E11EB15793E3F583D9D2F6DD/core\core.a(new.cpp.o)
                                0x848 (size before relaxing)
 .debug_str     0x0000b7ad      0x596 C:\Users\Benchoff\AppData\Local\Temp\arduino\sketches\15697E12E11EB15793E3F583D9D2F6DD/core\core.a(CDC.cpp.o)
                               0x5bb5 (size before relaxing)
 .debug_str     0x0000bd43       0x9b C:\Users\Benchoff\AppData\Local\Temp\arduino\sketches\15697E12E11EB15793E3F583D9D2F6DD/core\core.a(PluggableUSB.cpp.o)